Component: ARM Compiler 5.06 update 7 (build 960) Tool: armlink [4d3601]

==============================================================================

Section Cross References

    startup_stm32f40xx.o(RESET) refers to startup_stm32f40xx.o(STACK) for __initial_sp
    startup_stm32f40xx.o(RESET) refers to startup_stm32f40xx.o(.text) for Reset_Handler
    startup_stm32f40xx.o(RESET) refers to stm32f4xx_it.o(i.NMI_Handler) for NMI_Handler
    startup_stm32f40xx.o(RESET) refers to stm32f4xx_it.o(i.HardFault_Handler) for HardFault_Handler
    startup_stm32f40xx.o(RESET) refers to stm32f4xx_it.o(i.MemManage_Handler) for MemManage_Handler
    startup_stm32f40xx.o(RESET) refers to stm32f4xx_it.o(i.BusFault_Handler) for BusFault_Handler
    startup_stm32f40xx.o(RESET) refers to stm32f4xx_it.o(i.UsageFault_Handler) for UsageFault_Handler
    startup_stm32f40xx.o(RESET) refers to stm32f4xx_it.o(i.SVC_Handler) for SVC_Handler
    startup_stm32f40xx.o(RESET) refers to stm32f4xx_it.o(i.DebugMon_Handler) for DebugMon_Handler
    startup_stm32f40xx.o(RESET) refers to stm32f4xx_it.o(i.PendSV_Handler) for PendSV_Handler
    startup_stm32f40xx.o(RESET) refers to stm32f4xx_it.o(i.SysTick_Handler) for SysTick_Handler
    startup_stm32f40xx.o(RESET) refers to motor3_rs485.o(i.DMA1_Stream6_IRQHandler) for DMA1_Stream6_IRQHandler
    startup_stm32f40xx.o(RESET) refers to motor1_rs485.o(i.USART1_IRQHandler) for USART1_IRQHandler
    startup_stm32f40xx.o(RESET) refers to motor3_rs485.o(i.USART2_IRQHandler) for USART2_IRQHandler
    startup_stm32f40xx.o(RESET) refers to plc.o(i.USART3_IRQHandler) for USART3_IRQHandler
    startup_stm32f40xx.o(RESET) refers to motor4_rs485.o(i.DMA1_Stream7_IRQHandler) for DMA1_Stream7_IRQHandler
    startup_stm32f40xx.o(RESET) refers to motor4_rs485.o(i.UART5_IRQHandler) for UART5_IRQHandler
    startup_stm32f40xx.o(RESET) refers to motor2_rs485.o(i.DMA2_Stream6_IRQHandler) for DMA2_Stream6_IRQHandler
    startup_stm32f40xx.o(RESET) refers to motor1_rs485.o(i.DMA2_Stream7_IRQHandler) for DMA2_Stream7_IRQHandler
    startup_stm32f40xx.o(RESET) refers to motor2_rs485.o(i.USART6_IRQHandler) for USART6_IRQHandler
    startup_stm32f40xx.o(.text) refers to system_stm32f4xx.o(i.SystemInit) for SystemInit
    startup_stm32f40xx.o(.text) refers to entry.o(.ARM.Collect$$$$00000000) for __main
    system_stm32f4xx.o(i.SystemCoreClockUpdate) refers to system_stm32f4xx.o(.data) for SystemCoreClock
    system_stm32f4xx.o(i.SystemInit) refers to system_stm32f4xx.o(i.SetSysClock) for SetSysClock
    stm32f4xx_adc.o(i.ADC_DeInit) refers to stm32f4xx_rcc.o(i.RCC_APB2PeriphResetCmd) for RCC_APB2PeriphResetCmd
    stm32f4xx_can.o(i.CAN_DeInit) refers to stm32f4xx_rcc.o(i.RCC_APB1PeriphResetCmd) for RCC_APB1PeriphResetCmd
    stm32f4xx_can.o(i.CAN_GetITStatus) refers to stm32f4xx_can.o(i.CheckITStatus) for CheckITStatus
    stm32f4xx_cryp.o(i.CRYP_DeInit) refers to stm32f4xx_rcc.o(i.RCC_AHB2PeriphResetCmd) for RCC_AHB2PeriphResetCmd
    stm32f4xx_cryp_aes.o(i.CRYP_AES_CBC) refers to stm32f4xx_cryp.o(i.CRYP_KeyStructInit) for CRYP_KeyStructInit
    stm32f4xx_cryp_aes.o(i.CRYP_AES_CBC) refers to stm32f4xx_cryp.o(i.CRYP_FIFOFlush) for CRYP_FIFOFlush
    stm32f4xx_cryp_aes.o(i.CRYP_AES_CBC) refers to stm32f4xx_cryp.o(i.CRYP_Init) for CRYP_Init
    stm32f4xx_cryp_aes.o(i.CRYP_AES_CBC) refers to stm32f4xx_cryp.o(i.CRYP_KeyInit) for CRYP_KeyInit
    stm32f4xx_cryp_aes.o(i.CRYP_AES_CBC) refers to stm32f4xx_cryp.o(i.CRYP_Cmd) for CRYP_Cmd
    stm32f4xx_cryp_aes.o(i.CRYP_AES_CBC) refers to stm32f4xx_cryp.o(i.CRYP_GetFlagStatus) for CRYP_GetFlagStatus
    stm32f4xx_cryp_aes.o(i.CRYP_AES_CBC) refers to stm32f4xx_cryp.o(i.CRYP_IVInit) for CRYP_IVInit
    stm32f4xx_cryp_aes.o(i.CRYP_AES_CBC) refers to stm32f4xx_cryp.o(i.CRYP_GetCmdStatus) for CRYP_GetCmdStatus
    stm32f4xx_cryp_aes.o(i.CRYP_AES_CBC) refers to stm32f4xx_cryp.o(i.CRYP_DataIn) for CRYP_DataIn
    stm32f4xx_cryp_aes.o(i.CRYP_AES_CBC) refers to stm32f4xx_cryp.o(i.CRYP_DataOut) for CRYP_DataOut
    stm32f4xx_cryp_aes.o(i.CRYP_AES_CCM) refers to stm32f4xx_cryp.o(i.CRYP_KeyStructInit) for CRYP_KeyStructInit
    stm32f4xx_cryp_aes.o(i.CRYP_AES_CCM) refers to stm32f4xx_cryp.o(i.CRYP_FIFOFlush) for CRYP_FIFOFlush
    stm32f4xx_cryp_aes.o(i.CRYP_AES_CCM) refers to stm32f4xx_cryp.o(i.CRYP_KeyInit) for CRYP_KeyInit
    stm32f4xx_cryp_aes.o(i.CRYP_AES_CCM) refers to stm32f4xx_cryp.o(i.CRYP_IVInit) for CRYP_IVInit
    stm32f4xx_cryp_aes.o(i.CRYP_AES_CCM) refers to stm32f4xx_cryp.o(i.CRYP_Init) for CRYP_Init
    stm32f4xx_cryp_aes.o(i.CRYP_AES_CCM) refers to stm32f4xx_cryp.o(i.CRYP_PhaseConfig) for CRYP_PhaseConfig
    stm32f4xx_cryp_aes.o(i.CRYP_AES_CCM) refers to stm32f4xx_cryp.o(i.CRYP_DataIn) for CRYP_DataIn
    stm32f4xx_cryp_aes.o(i.CRYP_AES_CCM) refers to stm32f4xx_cryp.o(i.CRYP_Cmd) for CRYP_Cmd
    stm32f4xx_cryp_aes.o(i.CRYP_AES_CCM) refers to stm32f4xx_cryp.o(i.CRYP_GetCmdStatus) for CRYP_GetCmdStatus
[...]
    Removing stm32f4xx_iwdg.o(i.IWDG_SetPrescaler), (12 bytes).
    Removing stm32f4xx_iwdg.o(i.IWDG_SetReload), (12 bytes).
    Removing stm32f4xx_iwdg.o(i.IWDG_WriteAccessCmd), (12 bytes).
    Removing stm32f4xx_pwr.o(.rev16_text), (4 bytes).
    Removing stm32f4xx_pwr.o(.revsh_text), (4 bytes).
    Removing stm32f4xx_pwr.o(i.PWR_BackupAccessCmd), (12 bytes).
    Removing stm32f4xx_pwr.o(i.PWR_BackupRegulatorCmd), (12 bytes).
    Removing stm32f4xx_pwr.o(i.PWR_ClearFlag), (20 bytes).
    Removing stm32f4xx_pwr.o(i.PWR_DeInit), (22 bytes).
    Removing stm32f4xx_pwr.o(i.PWR_EnterSTANDBYMode), (40 bytes).
    Removing stm32f4xx_pwr.o(i.PWR_EnterSTOPMode), (68 bytes).
    Removing stm32f4xx_pwr.o(i.PWR_EnterUnderDriveSTOPMode), (68 bytes).
    Removing stm32f4xx_pwr.o(i.PWR_FlashPowerDownCmd), (12 bytes).
    Removing stm32f4xx_pwr.o(i.PWR_GetFlagStatus), (24 bytes).
    Removing stm32f4xx_pwr.o(i.PWR_LowRegulatorLowVoltageCmd), (24 bytes).
    Removing stm32f4xx_pwr.o(i.PWR_MainRegulatorLowVoltageCmd), (24 bytes).
    Removing stm32f4xx_pwr.o(i.PWR_MainRegulatorModeConfig), (24 bytes).
    Removing stm32f4xx_pwr.o(i.PWR_OverDriveCmd), (12 bytes).
    Removing stm32f4xx_pwr.o(i.PWR_OverDriveSWCmd), (12 bytes).
    Removing stm32f4xx_pwr.o(i.PWR_PVDCmd), (12 bytes).
    Removing stm32f4xx_pwr.o(i.PWR_PVDLevelConfig), (24 bytes).
    Removing stm32f4xx_pwr.o(i.PWR_UnderDriveCmd), (36 bytes).
    Removing stm32f4xx_pwr.o(i.PWR_WakeUpPinCmd), (12 bytes).
    Removing stm32f4xx_rcc.o(.rev16_text), (4 bytes).
    Removing stm32f4xx_rcc.o(.revsh_text), (4 bytes).
    Removing stm32f4xx_rcc.o(i.RCC_AHB1PeriphClockLPModeCmd), (32 bytes).
    Removing stm32f4xx_rcc.o(i.RCC_AHB1PeriphResetCmd), (32 bytes).
    Removing stm32f4xx_rcc.o(i.RCC_AHB2PeriphClockCmd), (32 bytes).
    Removing stm32f4xx_rcc.o(i.RCC_AHB2PeriphClockLPModeCmd), (32 bytes).
    Removing stm32f4xx_rcc.o(i.RCC_AHB2PeriphResetCmd), (32 bytes).
    Removing stm32f4xx_rcc.o(i.RCC_AHB3PeriphClockCmd), (32 bytes).
    Removing stm32f4xx_rcc.o(i.RCC_AHB3PeriphClockLPModeCmd), (32 bytes).
    Removing stm32f4xx_rcc.o(i.RCC_AHB3PeriphResetCmd), (32 bytes).
    Removing stm32f4xx_rcc.o(i.RCC_APB1PeriphClockLPModeCmd), (32 bytes).
    Removing stm32f4xx_rcc.o(i.RCC_APB1PeriphResetCmd), (32 bytes).
    Removing stm32f4xx_rcc.o(i.RCC_APB2PeriphClockLPModeCmd), (32 bytes).
    Removing stm32f4xx_rcc.o(i.RCC_APB2PeriphResetCmd), (32 bytes).
    Removing stm32f4xx_rcc.o(i.RCC_AdjustHSICalibrationValue), (24 bytes).
    Removing stm32f4xx_rcc.o(i.RCC_BackupResetCmd), (12 bytes).
    Removing stm32f4xx_rcc.o(i.RCC_ClearFlag), (20 bytes).
    Removing stm32f4xx_rcc.o(i.RCC_ClearITPendingBit), (12 bytes).
    Removing stm32f4xx_rcc.o(i.RCC_ClockSecuritySystemCmd), (12 bytes).
    Removing stm32f4xx_rcc.o(i.RCC_DeInit), (100 bytes).
    Removing stm32f4xx_rcc.o(i.RCC_GetFlagStatus), (64 bytes).
    Removing stm32f4xx_rcc.o(i.RCC_GetITStatus), (24 bytes).
    Removing stm32f4xx_rcc.o(i.RCC_GetSYSCLKSource), (16 bytes).
    Removing stm32f4xx_rcc.o(i.RCC_HCLKConfig), (24 bytes).
    Removing stm32f4xx_rcc.o(i.RCC_HSEConfig), (16 bytes).
    Removing stm32f4xx_rcc.o(i.RCC_HSICmd), (12 bytes).
    Removing stm32f4xx_rcc.o(i.RCC_I2SCLKConfig), (12 bytes).
    Removing stm32f4xx_rcc.o(i.RCC_ITConfig), (32 bytes).
    Removing stm32f4xx_rcc.o(i.RCC_LSEConfig), (44 bytes).
    Removing stm32f4xx_rcc.o(i.RCC_LSEModeConfig), (36 bytes).
    Removing stm32f4xx_rcc.o(i.RCC_LSICmd), (12 bytes).
    Removing stm32f4xx_rcc.o(i.RCC_LTDCCLKDivConfig), (24 bytes).
    Removing stm32f4xx_rcc.o(i.RCC_MCO1Config), (28 bytes).
    Removing stm32f4xx_rcc.o(i.RCC_MCO2Config), (28 bytes).
    Removing stm32f4xx_rcc.o(i.RCC_PCLK1Config), (24 bytes).
    Removing stm32f4xx_rcc.o(i.RCC_PCLK2Config), (24 bytes).
    Removing stm32f4xx_rcc.o(i.RCC_PLLCmd), (12 bytes).
    Removing stm32f4xx_rcc.o(i.RCC_PLLConfig), (36 bytes).
    Removing stm32f4xx_rcc.o(i.RCC_PLLI2SCmd), (12 bytes).
    Removing stm32f4xx_rcc.o(i.RCC_PLLI2SConfig), (16 bytes).
    Removing stm32f4xx_rcc.o(i.RCC_PLLSAICmd), (12 bytes).
    Removing stm32f4xx_rcc.o(i.RCC_PLLSAIConfig), (24 bytes).
    Removing stm32f4xx_rcc.o(i.RCC_RTCCLKCmd), (12 bytes).
    Removing stm32f4xx_rcc.o(i.RCC_RTCCLKConfig), (60 bytes).
    Removing stm32f4xx_rcc.o(i.RCC_SAIBlockACLKConfig), (24 bytes).
    Removing stm32f4xx_rcc.o(i.RCC_SAIBlockBCLKConfig), (24 bytes).
    Removing stm32f4xx_rcc.o(i.RCC_SAIPLLI2SClkDivConfig), (28 bytes).
    Removing stm32f4xx_rcc.o(i.RCC_SAIPLLSAIClkDivConfig), (28 bytes).
    Removing stm32f4xx_rcc.o(i.RCC_SYSCLKConfig), (24 bytes).
    Removing stm32f4xx_rcc.o(i.RCC_TIMCLKPresConfig), (12 bytes).
    Removing stm32f4xx_rcc.o(i.RCC_WaitForHSEStartUp), (56 bytes).
    Removing stm32f4xx_rng.o(.rev16_text), (4 bytes).
    Removing stm32f4xx_rng.o(.revsh_text), (4 bytes).
    Removing stm32f4xx_rng.o(i.RNG_ClearFlag), (16 bytes).
    Removing stm32f4xx_rng.o(i.RNG_ClearITPendingBit), (16 bytes).
    Removing stm32f4xx_rng.o(i.RNG_Cmd), (36 bytes).
    Removing stm32f4xx_rng.o(i.RNG_DeInit), (20 bytes).
    Removing stm32f4xx_rng.o(i.RNG_GetFlagStatus), (24 bytes).
    Removing stm32f4xx_rng.o(i.RNG_GetITStatus), (24 bytes).
    Removing stm32f4xx_rng.o(i.RNG_GetRandomNumber), (12 bytes).
    Removing stm32f4xx_rng.o(i.RNG_ITConfig), (36 bytes).
    Removing stm32f4xx_rtc.o(.rev16_text), (4 bytes).
    Removing stm32f4xx_rtc.o(.revsh_text), (4 bytes).
    Removing stm32f4xx_rtc.o(i.RTC_AlarmCmd), (116 bytes).
    Removing stm32f4xx_rtc.o(i.RTC_AlarmStructInit), (22 bytes).
    Removing stm32f4xx_rtc.o(i.RTC_AlarmSubSecondConfig), (52 bytes).
    Removing stm32f4xx_rtc.o(i.RTC_Bcd2ToByte), (22 bytes).
    Removing stm32f4xx_rtc.o(i.RTC_BypassShadowCmd), (60 bytes).
    Removing stm32f4xx_rtc.o(i.RTC_ByteToBcd2), (28 bytes).
    Removing stm32f4xx_rtc.o(i.RTC_CalibOutputCmd), (60 bytes).
    Removing stm32f4xx_rtc.o(i.RTC_CalibOutputConfig), (48 bytes).
    Removing stm32f4xx_rtc.o(i.RTC_ClearFlag), (28 bytes).
    Removing stm32f4xx_rtc.o(i.RTC_ClearITPendingBit), (32 bytes).
    Removing stm32f4xx_rtc.o(i.RTC_CoarseCalibCmd), (80 bytes).
    Removing stm32f4xx_rtc.o(i.RTC_CoarseCalibConfig), (56 bytes).
    Removing stm32f4xx_rtc.o(i.RTC_DateStructInit), (14 bytes).
    Removing stm32f4xx_rtc.o(i.RTC_DayLightSavingConfig), (56 bytes).
    Removing stm32f4xx_rtc.o(i.RTC_DeInit), (212 bytes).
    Removing stm32f4xx_rtc.o(i.RTC_EnterInitMode), (80 bytes).
    Removing stm32f4xx_rtc.o(i.RTC_ExitInitMode), (20 bytes).
    Removing stm32f4xx_rtc.o(i.RTC_GetAlarm), (116 bytes).
    Removing stm32f4xx_rtc.o(i.RTC_GetAlarmSubSecond), (36 bytes).
    Removing stm32f4xx_rtc.o(i.RTC_GetDate), (76 bytes).
    Removing stm32f4xx_rtc.o(i.RTC_GetFlagStatus), (40 bytes).
    Removing stm32f4xx_rtc.o(i.RTC_GetITStatus), (64 bytes).
    Removing stm32f4xx_rtc.o(i.RTC_GetStoreOperation), (16 bytes).
    Removing stm32f4xx_rtc.o(i.RTC_GetSubSecond), (20 bytes).
    Removing stm32f4xx_rtc.o(i.RTC_GetTime), (80 bytes).
    Removing stm32f4xx_rtc.o(i.RTC_GetTimeStamp), (156 bytes).
    Removing stm32f4xx_rtc.o(i.RTC_GetTimeStampSubSecond), (12 bytes).
    Removing stm32f4xx_rtc.o(i.RTC_GetWakeUpCounter), (12 bytes).
    Removing stm32f4xx_rtc.o(i.RTC_ITConfig), (100 bytes).
    Removing stm32f4xx_rtc.o(i.RTC_Init), (100 bytes).
    Removing stm32f4xx_rtc.o(i.RTC_OutputConfig), (56 bytes).
    Removing stm32f4xx_rtc.o(i.RTC_OutputTypeConfig), (28 bytes).
    Removing stm32f4xx_rtc.o(i.RTC_ReadBackupRegister), (32 bytes).
    Removing stm32f4xx_rtc.o(i.RTC_RefClockCmd), (80 bytes).
    Removing stm32f4xx_rtc.o(i.RTC_SetAlarm), (236 bytes).
    Removing stm32f4xx_rtc.o(i.RTC_SetDate), (200 bytes).
    Removing stm32f4xx_rtc.o(i.RTC_SetTime), (208 bytes).
    Removing stm32f4xx_rtc.o(i.RTC_SetWakeUpCounter), (28 bytes).
    Removing stm32f4xx_rtc.o(i.RTC_SmoothCalibConfig), (96 bytes).
    Removing stm32f4xx_rtc.o(i.RTC_StructInit), (14 bytes).
    Removing stm32f4xx_rtc.o(i.RTC_SynchroShiftConfig), (124 bytes).
    Removing stm32f4xx_rtc.o(i.RTC_TamperCmd), (32 bytes).
    Removing stm32f4xx_rtc.o(i.RTC_TamperFilterConfig), (28 bytes).
    Removing stm32f4xx_rtc.o(i.RTC_TamperPinSelection), (28 bytes).
    Removing stm32f4xx_rtc.o(i.RTC_TamperPinsPrechargeDuration), (28 bytes).
    Removing stm32f4xx_rtc.o(i.RTC_TamperPullUpCmd), (36 bytes).
    Removing stm32f4xx_rtc.o(i.RTC_TamperSamplingFreqConfig), (28 bytes).
    Removing stm32f4xx_rtc.o(i.RTC_TamperTriggerConfig), (36 bytes).
    Removing stm32f4xx_rtc.o(i.RTC_TimeStampCmd), (56 bytes).
    Removing stm32f4xx_rtc.o(i.RTC_TimeStampOnTamperDetectionCmd), (36 bytes).
    Removing stm32f4xx_rtc.o(i.RTC_TimeStampPinSelection), (28 bytes).
    Removing stm32f4xx_rtc.o(i.RTC_TimeStructInit), (12 bytes).
    Removing stm32f4xx_rtc.o(i.RTC_WaitForSynchro), (96 bytes).
    Removing stm32f4xx_rtc.o(i.RTC_WakeUpClockConfig), (48 bytes).
    Removing stm32f4xx_rtc.o(i.RTC_WakeUpCmd), (120 bytes).
    Removing stm32f4xx_rtc.o(i.RTC_WriteBackupRegister), (28 bytes).
    Removing stm32f4xx_rtc.o(i.RTC_WriteProtectionCmd), (28 bytes).
    Removing stm32f4xx_sai.o(.rev16_text), (4 bytes).
    Removing stm32f4xx_sai.o(.revsh_text), (4 bytes).
    Removing stm32f4xx_sai.o(i.SAI_ClearFlag), (8 bytes).
    Removing stm32f4xx_sai.o(i.SAI_ClearITPendingBit), (8 bytes).
    Removing stm32f4xx_sai.o(i.SAI_Cmd), (22 bytes).
    Removing stm32f4xx_sai.o(i.SAI_CompandingModeConfig), (16 bytes).
    Removing stm32f4xx_sai.o(i.SAI_DMACmd), (22 bytes).
    Removing stm32f4xx_sai.o(i.SAI_DeInit), (24 bytes).
    Removing stm32f4xx_sai.o(i.SAI_FlushFIFO), (10 bytes).
    Removing stm32f4xx_sai.o(i.SAI_FrameInit), (44 bytes).
    Removing stm32f4xx_sai.o(i.SAI_FrameStructInit), (18 bytes).
    Removing stm32f4xx_sai.o(i.SAI_GetCmdStatus), (20 bytes).
    Removing stm32f4xx_sai.o(i.SAI_GetFIFOStatus), (12 bytes).
    Removing stm32f4xx_sai.o(i.SAI_GetFlagStatus), (18 bytes).
    Removing stm32f4xx_sai.o(i.SAI_GetITStatus), (30 bytes).
    Removing stm32f4xx_sai.o(i.SAI_ITConfig), (18 bytes).
    Removing stm32f4xx_sai.o(i.SAI_Init), (72 bytes).
    Removing stm32f4xx_sai.o(i.SAI_MonoModeConfig), (18 bytes).
    Removing stm32f4xx_sai.o(i.SAI_MuteFrameCounterConfig), (18 bytes).
    Removing stm32f4xx_sai.o(i.SAI_MuteModeCmd), (22 bytes).
    Removing stm32f4xx_sai.o(i.SAI_MuteValueConfig), (16 bytes).
    Removing stm32f4xx_sai.o(i.SAI_ReceiveData), (6 bytes).
    Removing stm32f4xx_sai.o(i.SAI_SendData), (4 bytes).
    Removing stm32f4xx_sai.o(i.SAI_SlotInit), (36 bytes).
    Removing stm32f4xx_sai.o(i.SAI_SlotStructInit), (16 bytes).
    Removing stm32f4xx_sai.o(i.SAI_StructInit), (28 bytes).
    Removing stm32f4xx_sai.o(i.SAI_TRIStateConfig), (18 bytes).
    Removing stm32f4xx_sdio.o(.rev16_text), (4 bytes).
    Removing stm32f4xx_sdio.o(.revsh_text), (4 bytes).
    Removing stm32f4xx_sdio.o(i.SDIO_CEATAITCmd), (16 bytes).
    Removing stm32f4xx_sdio.o(i.SDIO_ClearFlag), (12 bytes).
    Removing stm32f4xx_sdio.o(i.SDIO_ClearITPendingBit), (12 bytes).
    Removing stm32f4xx_sdio.o(i.SDIO_ClockCmd), (12 bytes).
    Removing stm32f4xx_sdio.o(i.SDIO_CmdStructInit), (14 bytes).
    Removing stm32f4xx_sdio.o(i.SDIO_CommandCompletionCmd), (12 bytes).
    Removing stm32f4xx_sdio.o(i.SDIO_DMACmd), (12 bytes).
    Removing stm32f4xx_sdio.o(i.SDIO_DataConfig), (52 bytes).
    Removing stm32f4xx_sdio.o(i.SDIO_DataStructInit), (20 bytes).
    Removing stm32f4xx_sdio.o(i.SDIO_DeInit), (22 bytes).
    Removing stm32f4xx_sdio.o(i.SDIO_GetCommandResponse), (12 bytes).
    Removing stm32f4xx_sdio.o(i.SDIO_GetDataCounter), (12 bytes).
    Removing stm32f4xx_sdio.o(i.SDIO_GetFIFOCount), (12 bytes).
    Removing stm32f4xx_sdio.o(i.SDIO_GetFlagStatus), (24 bytes).
    Removing stm32f4xx_sdio.o(i.SDIO_GetITStatus), (24 bytes).
    Removing stm32f4xx_sdio.o(i.SDIO_GetPowerState), (16 bytes).
    Removing stm32f4xx_sdio.o(i.SDIO_GetResponse), (24 bytes).
    Removing stm32f4xx_sdio.o(i.SDIO_ITConfig), (32 bytes).
    Removing stm32f4xx_sdio.o(i.SDIO_Init), (48 bytes).
    Removing stm32f4xx_sdio.o(i.SDIO_ReadData), (12 bytes).
    Removing stm32f4xx_sdio.o(i.SDIO_SendCEATACmd), (12 bytes).
    Removing stm32f4xx_sdio.o(i.SDIO_SendCommand), (44 bytes).
    Removing stm32f4xx_sdio.o(i.SDIO_SendSDIOSuspendCmd), (12 bytes).
    Removing stm32f4xx_sdio.o(i.SDIO_SetPowerState), (12 bytes).
    Removing stm32f4xx_sdio.o(i.SDIO_SetSDIOOperation), (12 bytes).
    Removing stm32f4xx_sdio.o(i.SDIO_SetSDIOReadWaitMode), (12 bytes).
    Removing stm32f4xx_sdio.o(i.SDIO_StartSDIOReadWait), (12 bytes).
    Removing stm32f4xx_sdio.o(i.SDIO_StopSDIOReadWait), (12 bytes).
    Removing stm32f4xx_sdio.o(i.SDIO_StructInit), (16 bytes).
    Removing stm32f4xx_sdio.o(i.SDIO_WriteData), (12 bytes).
    Removing stm32f4xx_spi.o(.rev16_text), (4 bytes).
    Removing stm32f4xx_spi.o(.revsh_text), (4 bytes).
    Removing stm32f4xx_spi.o(i.I2S_Cmd), (24 bytes).
    Removing stm32f4xx_spi.o(i.I2S_FullDuplexConfig), (80 bytes).
    Removing stm32f4xx_spi.o(i.I2S_Init), (408 bytes).
    Removing stm32f4xx_spi.o(i.I2S_StructInit), (20 bytes).
    Removing stm32f4xx_spi.o(i.SPI_BiDirectionalLineConfig), (28 bytes).
    Removing stm32f4xx_spi.o(i.SPI_CalculateCRC), (24 bytes).
    Removing stm32f4xx_spi.o(i.SPI_Cmd), (24 bytes).
    Removing stm32f4xx_spi.o(i.SPI_DataSizeConfig), (18 bytes).
    Removing stm32f4xx_spi.o(i.SPI_GetCRC), (16 bytes).
    Removing stm32f4xx_spi.o(i.SPI_GetCRCPolynomial), (6 bytes).
    Removing stm32f4xx_spi.o(i.SPI_I2S_ClearFlag), (6 bytes).
    Removing stm32f4xx_spi.o(i.SPI_I2S_ClearITPendingBit), (20 bytes).
    Removing stm32f4xx_spi.o(i.SPI_I2S_DMACmd), (18 bytes).
    Removing stm32f4xx_spi.o(i.SPI_I2S_DeInit), (176 bytes).
    Removing stm32f4xx_spi.o(i.SPI_I2S_GetFlagStatus), (18 bytes).
    Removing stm32f4xx_spi.o(i.SPI_I2S_GetITStatus), (52 bytes).
    Removing stm32f4xx_spi.o(i.SPI_I2S_ITConfig), (32 bytes).
    Removing stm32f4xx_spi.o(i.SPI_I2S_ReceiveData), (6 bytes).
    Removing stm32f4xx_spi.o(i.SPI_I2S_SendData), (4 bytes).
    Removing stm32f4xx_spi.o(i.SPI_Init), (60 bytes).
    Removing stm32f4xx_spi.o(i.SPI_NSSInternalSoftwareConfig), (30 bytes).
    Removing stm32f4xx_spi.o(i.SPI_SSOutputCmd), (24 bytes).
    Removing stm32f4xx_spi.o(i.SPI_StructInit), (24 bytes).
    Removing stm32f4xx_spi.o(i.SPI_TIModeCmd), (24 bytes).
    Removing stm32f4xx_spi.o(i.SPI_TransmitCRC), (10 bytes).
    Removing stm32f4xx_syscfg.o(.rev16_text), (4 bytes).
    Removing stm32f4xx_syscfg.o(.revsh_text), (4 bytes).
    Removing stm32f4xx_syscfg.o(i.SYSCFG_CompensationCellCmd), (12 bytes).
    Removing stm32f4xx_syscfg.o(i.SYSCFG_DeInit), (22 bytes).
    Removing stm32f4xx_syscfg.o(i.SYSCFG_ETH_MediaInterfaceConfig), (12 bytes).
    Removing stm32f4xx_syscfg.o(i.SYSCFG_EXTILineConfig), (64 bytes).
    Removing stm32f4xx_syscfg.o(i.SYSCFG_GetCompensationCellStatus), (24 bytes).
    Removing stm32f4xx_syscfg.o(i.SYSCFG_MemoryRemapConfig), (12 bytes).
    Removing stm32f4xx_syscfg.o(i.SYSCFG_MemorySwappingBank), (12 bytes).
    Removing stm32f4xx_tim.o(.rev16_text), (4 bytes).
    Removing stm32f4xx_tim.o(.revsh_text), (4 bytes).
    Removing stm32f4xx_tim.o(i.TI1_Config), (58 bytes).
    Removing stm32f4xx_tim.o(i.TI2_Config), (80 bytes).
    Removing stm32f4xx_tim.o(i.TI3_Config), (72 bytes).
    Removing stm32f4xx_tim.o(i.TI4_Config), (80 bytes).
    Removing stm32f4xx_tim.o(i.TIM_ARRPreloadConfig), (24 bytes).
    Removing stm32f4xx_tim.o(i.TIM_BDTRConfig), (32 bytes).
    Removing stm32f4xx_tim.o(i.TIM_BDTRStructInit), (18 bytes).
    Removing stm32f4xx_tim.o(i.TIM_CCPreloadControl), (24 bytes).
    Removing stm32f4xx_tim.o(i.TIM_CCxCmd), (30 bytes).
    Removing stm32f4xx_tim.o(i.TIM_CCxNCmd), (30 bytes).
    Removing stm32f4xx_tim.o(i.TIM_ClearFlag), (6 bytes).
    Removing stm32f4xx_tim.o(i.TIM_ClearITPendingBit), (6 bytes).
    Removing stm32f4xx_tim.o(i.TIM_ClearOC1Ref), (18 bytes).
    Removing stm32f4xx_tim.o(i.TIM_ClearOC2Ref), (24 bytes).
    Removing stm32f4xx_tim.o(i.TIM_ClearOC3Ref), (18 bytes).
    Removing stm32f4xx_tim.o(i.TIM_ClearOC4Ref), (24 bytes).
    Removing stm32f4xx_tim.o(i.TIM_CounterModeConfig), (18 bytes).
    Removing stm32f4xx_tim.o(i.TIM_CtrlPWMOutputs), (30 bytes).
    Removing stm32f4xx_tim.o(i.TIM_DMACmd), (18 bytes).
    Removing stm32f4xx_tim.o(i.TIM_DMAConfig), (10 bytes).
    Removing stm32f4xx_tim.o(i.TIM_DeInit), (400 bytes).
    Removing stm32f4xx_tim.o(i.TIM_ETRClockMode1Config), (54 bytes).
    Removing stm32f4xx_tim.o(i.TIM_ETRClockMode2Config), (32 bytes).
    Removing stm32f4xx_tim.o(i.TIM_ETRConfig), (28 bytes).
    Removing stm32f4xx_tim.o(i.TIM_EncoderInterfaceConfig), (66 bytes).
    Removing stm32f4xx_tim.o(i.TIM_ForcedOC1Config), (18 bytes).
    Removing stm32f4xx_tim.o(i.TIM_ForcedOC2Config), (26 bytes).
    Removing stm32f4xx_tim.o(i.TIM_ForcedOC3Config), (18 bytes).
    Removing stm32f4xx_tim.o(i.TIM_ForcedOC4Config), (26 bytes).
    Removing stm32f4xx_tim.o(i.TIM_GenerateEvent), (4 bytes).
    Removing stm32f4xx_tim.o(i.TIM_GetCapture1), (6 bytes).
    Removing stm32f4xx_tim.o(i.TIM_GetCapture2), (6 bytes).
    Removing stm32f4xx_tim.o(i.TIM_GetCapture3), (6 bytes).
    Removing stm32f4xx_tim.o(i.TIM_GetCapture4), (6 bytes).
    Removing stm32f4xx_tim.o(i.TIM_GetCounter), (6 bytes).
    Removing stm32f4xx_tim.o(i.TIM_GetFlagStatus), (18 bytes).
    Removing stm32f4xx_tim.o(i.TIM_GetITStatus), (34 bytes).
    Removing stm32f4xx_tim.o(i.TIM_GetPrescaler), (6 bytes).
    Removing stm32f4xx_tim.o(i.TIM_ICInit), (110 bytes).
    Removing stm32f4xx_tim.o(i.TIM_ICStructInit), (18 bytes).
    Removing stm32f4xx_tim.o(i.TIM_ITConfig), (18 bytes).
    Removing stm32f4xx_tim.o(i.TIM_ITRxExternalClockConfig), (24 bytes).
    Removing stm32f4xx_tim.o(i.TIM_InternalClockConfig), (12 bytes).
    Removing stm32f4xx_tim.o(i.TIM_OC1FastConfig), (18 bytes).
    Removing stm32f4xx_tim.o(i.TIM_OC1Init), (124 bytes).
    Removing stm32f4xx_tim.o(i.TIM_OC1NPolarityConfig), (18 bytes).
    Removing stm32f4xx_tim.o(i.TIM_OC1PolarityConfig), (18 bytes).
    Removing stm32f4xx_tim.o(i.TIM_OC1PreloadConfig), (18 bytes).
    Removing stm32f4xx_tim.o(i.TIM_OC2FastConfig), (26 bytes).
    Removing stm32f4xx_tim.o(i.TIM_OC2Init), (164 bytes).
    Removing stm32f4xx_tim.o(i.TIM_OC2NPolarityConfig), (26 bytes).
    Removing stm32f4xx_tim.o(i.TIM_OC2PolarityConfig), (26 bytes).
    Removing stm32f4xx_tim.o(i.TIM_OC2PreloadConfig), (26 bytes).
    Removing stm32f4xx_tim.o(i.TIM_OC3FastConfig), (18 bytes).
    Removing stm32f4xx_tim.o(i.TIM_OC3Init), (160 bytes).
    Removing stm32f4xx_tim.o(i.TIM_OC3NPolarityConfig), (26 bytes).
    Removing stm32f4xx_tim.o(i.TIM_OC3PolarityConfig), (26 bytes).
    Removing stm32f4xx_tim.o(i.TIM_OC3PreloadConfig), (18 bytes).
    Removing stm32f4xx_tim.o(i.TIM_OC4FastConfig), (26 bytes).
    Removing stm32f4xx_tim.o(i.TIM_OC4Init), (120 bytes).
    Removing stm32f4xx_tim.o(i.TIM_OC4PolarityConfig), (26 bytes).
    Removing stm32f4xx_tim.o(i.TIM_OC4PreloadConfig), (26 bytes).
    Removing stm32f4xx_tim.o(i.TIM_OCStructInit), (20 bytes).
    Removing stm32f4xx_tim.o(i.TIM_PWMIConfig), (124 bytes).
    Removing stm32f4xx_tim.o(i.TIM_PrescalerConfig), (6 bytes).
    Removing stm32f4xx_tim.o(i.TIM_RemapConfig), (6 bytes).
    Removing stm32f4xx_tim.o(i.TIM_SelectCCDMA), (24 bytes).
    Removing stm32f4xx_tim.o(i.TIM_SelectCOM), (24 bytes).
    Removing stm32f4xx_tim.o(i.TIM_SelectHallSensor), (24 bytes).
    Removing stm32f4xx_tim.o(i.TIM_SelectInputTrigger), (18 bytes).
    Removing stm32f4xx_tim.o(i.TIM_SelectMasterSlaveMode), (18 bytes).
    Removing stm32f4xx_tim.o(i.TIM_SelectOCxM), (86 bytes).
    Removing stm32f4xx_tim.o(i.TIM_SelectOnePulseMode), (18 bytes).
    Removing stm32f4xx_tim.o(i.TIM_SelectOutputTrigger), (18 bytes).
    Removing stm32f4xx_tim.o(i.TIM_SelectSlaveMode), (18 bytes).
    Removing stm32f4xx_tim.o(i.TIM_SetAutoreload), (4 bytes).
    Removing stm32f4xx_tim.o(i.TIM_SetClockDivision), (18 bytes).
    Removing stm32f4xx_tim.o(i.TIM_SetCompare1), (4 bytes).
    Removing stm32f4xx_tim.o(i.TIM_SetCompare2), (4 bytes).
    Removing stm32f4xx_tim.o(i.TIM_SetCompare3), (4 bytes).
    Removing stm32f4xx_tim.o(i.TIM_SetCompare4), (4 bytes).
    Removing stm32f4xx_tim.o(i.TIM_SetCounter), (4 bytes).
    Removing stm32f4xx_tim.o(i.TIM_SetIC1Prescaler), (18 bytes).
    Removing stm32f4xx_tim.o(i.TIM_SetIC2Prescaler), (26 bytes).
    Removing stm32f4xx_tim.o(i.TIM_SetIC3Prescaler), (18 bytes).
    Removing stm32f4xx_tim.o(i.TIM_SetIC4Prescaler), (26 bytes).
    Removing stm32f4xx_tim.o(i.TIM_TIxExternalClockConfig), (62 bytes).
    Removing stm32f4xx_tim.o(i.TIM_TimeBaseStructInit), (18 bytes).
    Removing stm32f4xx_tim.o(i.TIM_UpdateDisableConfig), (24 bytes).
    Removing stm32f4xx_tim.o(i.TIM_UpdateRequestConfig), (24 bytes).
    Removing stm32f4xx_usart.o(.rev16_text), (4 bytes).
    Removing stm32f4xx_usart.o(.revsh_text), (4 bytes).
    Removing stm32f4xx_usart.o(i.USART_ClearITPendingBit), (30 bytes).
    Removing stm32f4xx_usart.o(i.USART_ClockInit), (32 bytes).
    Removing stm32f4xx_usart.o(i.USART_ClockStructInit), (12 bytes).
    Removing stm32f4xx_usart.o(i.USART_DeInit), (240 bytes).
    Removing stm32f4xx_usart.o(i.USART_HalfDuplexCmd), (24 bytes).
    Removing stm32f4xx_usart.o(i.USART_IrDACmd), (24 bytes).
    Removing stm32f4xx_usart.o(i.USART_IrDAConfig), (18 bytes).
    Removing stm32f4xx_usart.o(i.USART_LINBreakDetectLengthConfig), (18 bytes).
    Removing stm32f4xx_usart.o(i.USART_LINCmd), (24 bytes).
    Removing stm32f4xx_usart.o(i.USART_OneBitMethodCmd), (24 bytes).
    Removing stm32f4xx_usart.o(i.USART_ReceiverWakeUpCmd), (24 bytes).
    Removing stm32f4xx_usart.o(i.USART_SendBreak), (10 bytes).
    Removing stm32f4xx_usart.o(i.USART_SendData), (8 bytes).
    Removing stm32f4xx_usart.o(i.USART_SetAddress), (18 bytes).
    Removing stm32f4xx_usart.o(i.USART_SetGuardTime), (16 bytes).
    Removing stm32f4xx_usart.o(i.USART_SetPrescaler), (16 bytes).
    Removing stm32f4xx_usart.o(i.USART_SmartCardCmd), (24 bytes).
    Removing stm32f4xx_usart.o(i.USART_SmartCardNACKCmd), (24 bytes).
    Removing stm32f4xx_usart.o(i.USART_StructInit), (24 bytes).
    Removing stm32f4xx_usart.o(i.USART_WakeUpConfig), (18 bytes).
    Removing stm32f4xx_wwdg.o(.rev16_text), (4 bytes).
    Removing stm32f4xx_wwdg.o(.revsh_text), (4 bytes).
    Removing stm32f4xx_wwdg.o(i.WWDG_ClearFlag), (12 bytes).
    Removing stm32f4xx_wwdg.o(i.WWDG_DeInit), (22 bytes).
    Removing stm32f4xx_wwdg.o(i.WWDG_Enable), (16 bytes).
    Removing stm32f4xx_wwdg.o(i.WWDG_EnableIT), (12 bytes).
    Removing stm32f4xx_wwdg.o(i.WWDG_GetFlagStatus), (20 bytes).
    Removing stm32f4xx_wwdg.o(i.WWDG_SetCounter), (16 bytes).
    Removing stm32f4xx_wwdg.o(i.WWDG_SetPrescaler), (24 bytes).
    Removing stm32f4xx_wwdg.o(i.WWDG_SetWindowValue), (40 bytes).
    Removing arm_common_tables.o(.rev16_text), (4 bytes).
    Removing arm_common_tables.o(.revsh_text), (4 bytes).
    Removing arm_common_tables.o(.constdata), (159064 bytes).
    Removing main.o(.rev16_text), (4 bytes).
    Removing main.o(.revsh_text), (4 bytes).
    Removing stm32f4xx_it.o(.rev16_text), (4 bytes).
    Removing stm32f4xx_it.o(.revsh_text), (4 bytes).
    Removing delay.o(.rev16_text), (4 bytes).
    Removing delay.o(.revsh_text), (4 bytes).
    Removing timer.o(.rev16_text), (4 bytes).
    Removing timer.o(.revsh_text), (4 bytes).
    Removing plc.o(.rev16_text), (4 bytes).
    Removing plc.o(.revsh_text), (4 bytes).
    Removing global_para.o(.rev16_text), (4 bytes).
    Removing global_para.o(.revsh_text), (4 bytes).
    Removing global_para.o(.data), (96 bytes).
    Removing crc32.o(.rev16_text), (4 bytes).
    Removing crc32.o(.revsh_text), (4 bytes).
    Removing unitreemotor.o(.rev16_text), (4 bytes).
    Removing unitreemotor.o(.revsh_text), (4 bytes).
    Removing unitreemotor.o(i.MotorPosPack), (116 bytes).
    Removing unitreemotor.o(i.MotorSpeedPack), (80 bytes).
    Removing unitreemotor.o(i.MotorTorquePack), (74 bytes).
    Removing unitreemotor.o(i.MotorZeroTorquePack), (72 bytes).
    Removing motor1_rs485.o(.rev16_text), (4 bytes).
    Removing motor1_rs485.o(.revsh_text), (4 bytes).
    Removing motor2_rs485.o(.rev16_text), (4 bytes).
    Removing motor2_rs485.o(.revsh_text), (4 bytes).
    Removing motor3_rs485.o(.rev16_text), (4 bytes).
    Removing motor3_rs485.o(.revsh_text), (4 bytes).
    Removing motor4_rs485.o(.rev16_text), (4 bytes).
    Removing motor4_rs485.o(.revsh_text), (4 bytes).
    Removing motion_control.o(.rev16_text), (4 bytes).
    Removing motion_control.o(.revsh_text), (4 bytes).
    Removing motion_control.o(i.Keep_A1_Motor_Flexible), (124 bytes).
    Removing motion_control.o(i.Keep_B1_Motor_Still), (140 bytes).
    Removing motion_control.o(i.Motor_Jogging_Test), (560 bytes).

713 unused section(s) (total 190674 bytes) removed from the image.

==============================================================================

Image Symbol Table

    Local Symbols

    Symbol Name                              Value     Ov Type        Size  Object(Section)

    ../clib/microlib/init/entry.s            0x00000000   Number         0  entry.o ABSOLUTE
    ../clib/microlib/init/entry.s            0x00000000   Number         0  entry2.o ABSOLUTE
    ../clib/microlib/init/entry.s            0x00000000   Number         0  entry5.o ABSOLUTE
    ../clib/microlib/init/entry.s            0x00000000   Number         0  entry7a.o ABSOLUTE
    ../clib/microlib/init/entry.s            0x00000000   Number         0  entry7b.o ABSOLUTE
    ../clib/microlib/init/entry.s            0x00000000   Number         0  entry8a.o ABSOLUTE
    ../clib/microlib/init/entry.s            0x00000000   Number         0  entry8b.o ABSOLUTE
    ../clib/microlib/init/entry.s            0x00000000   Number         0  entry9a.o ABSOLUTE
    ../clib/microlib/init/entry.s            0x00000000   Number         0  entry9b.o ABSOLUTE
    ../clib/microlib/init/entry.s            0x00000000   Number         0  entry10a.o ABSOLUTE
    ../clib/microlib/init/entry.s            0x00000000   Number         0  entry10b.o ABSOLUTE
    ../clib/microlib/init/entry.s            0x00000000   Number         0  entry11a.o ABSOLUTE
    ../clib/microlib/init/entry.s            0x00000000   Number         0  entry12a.o ABSOLUTE
    ../clib/microlib/init/entry.s            0x00000000   Number         0  entry11b.o ABSOLUTE
    ../clib/microlib/init/entry.s            0x00000000   Number         0  entry12b.o ABSOLUTE
    ../clib/microlib/longlong.c              0x00000000   Number         0  llshl.o ABSOLUTE
    ../clib/microlib/longlong.c              0x00000000   Number         0  llushr.o ABSOLUTE
    ../clib/microlib/string/memcpy.c         0x00000000   Number         0  memcpyb.o ABSOLUTE
    ../clib/microlib/string/memcpy.c         0x00000000   Number         0  memcpya.o ABSOLUTE
    ../clib/microlib/string/memset.c         0x00000000   Number         0  memseta.o ABSOLUTE
    ../clib/microlib/stubs.s                 0x00000000   Number         0  iusefp.o ABSOLUTE
    ../fplib/microlib/d2f.c                  0x00000000   Number         0  d2f.o ABSOLUTE
    ../fplib/microlib/f2d.c                  0x00000000   Number         0  f2d.o ABSOLUTE
    ../fplib/microlib/fpdiv.c                0x00000000   Number         0  ddiv.o ABSOLUTE
    ../fplib/microlib/fpepilogue.c           0x00000000   Number         0  fepilogue.o ABSOLUTE
    ../fplib/microlib/fpepilogue.c           0x00000000   Number         0  depilogue.o ABSOLUTE
    ../fplib/microlib/fpfix.c                0x00000000   Number         0  dfixi.o ABSOLUTE
    ../fplib/microlib/fpmul.c                0x00000000   Number         0  dmul.o ABSOLUTE
    ..\00_STM32_Libraries\CMSIS\Device\ST\STM32F4xx\Source\Templates\arm\startup_stm32f40xx.s 0x00000000   Number         0  startup_stm32f40xx.o ABSOLUTE
    ..\00_STM32_Libraries\CMSIS\Device\ST\STM32F4xx\Source\Templates\system_stm32f4xx.c 0x00000000   Number         0  system_stm32f4xx.o ABSOLUTE
    ..\00_STM32_Libraries\STM32F4xx_StdPeriph_Driver\src\misc.c 0x00000000   Number         0  misc.o ABSOLUTE
    ..\00_STM32_Libraries\STM32F4xx_StdPeriph_Driver\src\stm32f4xx_adc.c 0x00000000   Number         0  stm32f4xx_adc.o ABSOLUTE
    ..\00_STM32_Libraries\STM32F4xx_StdPeriph_Driver\src\stm32f4xx_can.c 0x00000000   Number         0  stm32f4xx_can.o ABSOLUTE
    ..\00_STM32_Libraries\STM32F4xx_StdPeriph_Driver\src\stm32f4xx_crc.c 0x00000000   Number         0  stm32f4xx_crc.o ABSOLUTE
    ..\00_STM32_Libraries\STM32F4xx_StdPeriph_Driver\src\stm32f4xx_cryp.c 0x00000000   Number         0  stm32f4xx_cryp.o ABSOLUTE
    ..\00_STM32_Libraries\STM32F4xx_StdPeriph_Driver\src\stm32f4xx_cryp_aes.c 0x00000000   Number         0  stm32f4xx_cryp_aes.o ABSOLUTE
    ..\00_STM32_Libraries\STM32F4xx_StdPeriph_Driver\src\stm32f4xx_cryp_des.c 0x00000000   Number         0  stm32f4xx_cryp_des.o ABSOLUTE
    ..\00_STM32_Libraries\STM32F4xx_StdPeriph_Driver\src\stm32f4xx_cryp_tdes.c 0x00000000   Number         0  stm32f4xx_cryp_tdes.o ABSOLUTE
    ..\00_STM32_Libraries\STM32F4xx_StdPeriph_Driver\src\stm32f4xx_dac.c 0x00000000   Number         0  stm32f4xx_dac.o ABSOLUTE
    ..\00_STM32_Libraries\STM32F4xx_StdPeriph_Driver\src\stm32f4xx_dbgmcu.c 0x00000000   Number         0  stm32f4xx_dbgmcu.o ABSOLUTE
    ..\00_STM32_Libraries\STM32F4xx_StdPeriph_Driver\src\stm32f4xx_dcmi.c 0x00000000   Number         0  stm32f4xx_dcmi.o ABSOLUTE
    ..\00_STM32_Libraries\STM32F4xx_StdPeriph_Driver\src\stm32f4xx_dma.c 0x00000000   Number         0  stm32f4xx_dma.o ABSOLUTE
    ..\00_STM32_Libraries\STM32F4xx_StdPeriph_Driver\src\stm32f4xx_exti.c 0x00000000   Number         0  stm32f4xx_exti.o ABSOLUTE
    ..\00_STM32_Libraries\STM32F4xx_StdPeriph_Driver\src\stm32f4xx_flash.c 0x00000000   Number         0  stm32f4xx_flash.o ABSOLUTE
    ..\00_STM32_Libraries\STM32F4xx_StdPeriph_Driver\src\stm32f4xx_flash_ramfunc.c 0x00000000   Number         0  stm32f4xx_flash_ramfunc.o ABSOLUTE
    ..\00_STM32_Libraries\STM32F4xx_StdPeriph_Driver\src\stm32f4xx_gpio.c 0x00000000   Number         0  stm32f4xx_gpio.o ABSOLUTE
    ..\00_STM32_Libraries\STM32F4xx_StdPeriph_Driver\src\stm32f4xx_hash.c 0x00000000   Number         0  stm32f4xx_hash.o ABSOLUTE
    ..\00_STM32_Libraries\STM32F4xx_StdPeriph_Driver\src\stm32f4xx_hash_md5.c 0x00000000   Number         0  stm32f4xx_hash_md5.o ABSOLUTE
    ..\00_STM32_Libraries\STM32F4xx_StdPeriph_Driver\src\stm32f4xx_hash_sha1.c 0x00000000   Number         0  stm32f4xx_hash_sha1.o ABSOLUTE
    ..\00_STM32_Libraries\STM32F4xx_StdPeriph_Driver\src\stm32f4xx_i2c.c 0x00000000   Number         0  stm32f4xx_i2c.o ABSOLUTE
    ..\00_STM32_Libraries\STM32F4xx_StdPeriph_Driver\src\stm32f4xx_iwdg.c 0x00000000   Number         0  stm32f4xx_iwdg.o ABSOLUTE
    ..\00_STM32_Libraries\STM32F4xx_StdPeriph_Driver\src\stm32f4xx_pwr.c 0x00000000   Number         0  stm32f4xx_pwr.o ABSOLUTE
    ..\00_STM32_Libraries\STM32F4xx_StdPeriph_Driver\src\stm32f4xx_rcc.c 0x00000000   Number         0  stm32f4xx_rcc.o ABSOLUTE
    ..\00_STM32_Libraries\STM32F4xx_StdPeriph_Driver\src\stm32f4xx_rng.c 0x00000000   Number         0  stm32f4xx_rng.o ABSOLUTE
    ..\00_STM32_Libraries\STM32F4xx_StdPeriph_Driver\src\stm32f4xx_rtc.c 0x00000000   Number         0  stm32f4xx_rtc.o ABSOLUTE
    ..\00_STM32_Libraries\STM32F4xx_StdPeriph_Driver\src\stm32f4xx_sai.c 0x00000000   Number         0  stm32f4xx_sai.o ABSOLUTE
    ..\00_STM32_Libraries\STM32F4xx_StdPeriph_Driver\src\stm32f4xx_sdio.c 0x00000000   Number         0  stm32f4xx_sdio.o ABSOLUTE
    ..\00_STM32_Libraries\STM32F4xx_StdPeriph_Driver\src\stm32f4xx_spi.c 0x00000000   Number         0  stm32f4xx_spi.o ABSOLUTE
    ..\00_STM32_Libraries\STM32F4xx_StdPeriph_Driver\src\stm32f4xx_syscfg.c 0x00000000   Number         0  stm32f4xx_syscfg.o ABSOLUTE
    ..\00_STM32_Libraries\STM32F4xx_StdPeriph_Driver\src\stm32f4xx_tim.c 0x00000000   Number         0  stm32f4xx_tim.o ABSOLUTE
    ..\00_STM32_Libraries\STM32F4xx_StdPeriph_Driver\src\stm32f4xx_usart.c 0x00000000   Number         0  stm32f4xx_usart.o ABSOLUTE
    ..\00_STM32_Libraries\STM32F4xx_StdPeriph_Driver\src\stm32f4xx_wwdg.c 0x00000000   Number         0  stm32f4xx_wwdg.o ABSOLUTE
    ..\04_PUB_Main\Delay.c                   0x00000000   Number         0  delay.o ABSOLUTE
    ..\04_PUB_Main\Global_Para.c             0x00000000   Number         0  global_para.o ABSOLUTE
    ..\04_PUB_Main\Plc.c                     0x00000000   Number         0  plc.o ABSOLUTE
    ..\04_PUB_Main\Timer.c                   0x00000000   Number         0  timer.o ABSOLUTE
    ..\04_PUB_Main\arm_common_tables.c       0x00000000   Number         0  arm_common_tables.o ABSOLUTE
    ..\04_PUB_Main\main.c                    0x00000000   Number         0  main.o ABSOLUTE
    ..\04_PUB_Main\stm32f4xx_it.c            0x00000000   Number         0  stm32f4xx_it.o ABSOLUTE
    ..\05_Motor\Src\UnitreeMotor.c           0x00000000   Number         0  unitreemotor.o ABSOLUTE
    ..\05_Motor\Src\crc32.c                  0x00000000   Number         0  crc32.o ABSOLUTE
    ..\05_Motor\Src\motor1_rs485.c           0x00000000   Number         0  motor1_rs485.o ABSOLUTE
    ..\05_Motor\Src\motor2_rs485.c           0x00000000   Number         0  motor2_rs485.o ABSOLUTE
    ..\05_Motor\Src\motor3_rs485.c           0x00000000   Number         0  motor3_rs485.o ABSOLUTE
    ..\05_Motor\Src\motor4_rs485.c           0x00000000   Number         0  motor4_rs485.o ABSOLUTE
    ..\06_MotionControl\Src\motion_control.c 0x00000000   Number         0  motion_control.o ABSOLUTE
    ..\\00_STM32_Libraries\\CMSIS\\Device\\ST\\STM32F4xx\\Source\\Templates\\system_stm32f4xx.c 0x00000000   Number         0  system_stm32f4xx.o ABSOLUTE
    ..\\00_STM32_Libraries\\STM32F4xx_StdPeriph_Driver\\src\\misc.c 0x00000000   Number         0  misc.o ABSOLUTE
    ..\\00_STM32_Libraries\\STM32F4xx_StdPeriph_Driver\\src\\stm32f4xx_adc.c 0x00000000   Number         0  stm32f4xx_adc.o ABSOLUTE
    ..\\00_STM32_Libraries\\STM32F4xx_StdPeriph_Driver\\src\\stm32f4xx_can.c 0x00000000   Number         0  stm32f4xx_can.o ABSOLUTE
    ..\\00_STM32_Libraries\\STM32F4xx_StdPeriph_Driver\\src\\stm32f4xx_crc.c 0x00000000   Number         0  stm32f4xx_crc.o ABSOLUTE
    ..\\00_STM32_Libraries\\STM32F4xx_StdPeriph_Driver\\src\\stm32f4xx_cryp.c 0x00000000   Number         0  stm32f4xx_cryp.o ABSOLUTE
    ..\\00_STM32_Libraries\\STM32F4xx_StdPeriph_Driver\\src\\stm32f4xx_cryp_aes.c 0x00000000   Number         0  stm32f4xx_cryp_aes.o ABSOLUTE
    ..\\00_STM32_Libraries\\STM32F4xx_StdPeriph_Driver\\src\\stm32f4xx_cryp_des.c 0x00000000   Number         0  stm32f4xx_cryp_des.o ABSOLUTE
    ..\\00_STM32_Libraries\\STM32F4xx_StdPeriph_Driver\\src\\stm32f4xx_cryp_tdes.c 0x00000000   Number         0  stm32f4xx_cryp_tdes.o ABSOLUTE
    ..\\00_STM32_Libraries\\STM32F4xx_StdPeriph_Driver\\src\\stm32f4xx_dac.c 0x00000000   Number         0  stm32f4xx_dac.o ABSOLUTE
    ..\\00_STM32_Libraries\\STM32F4xx_StdPeriph_Driver\\src\\stm32f4xx_dbgmcu.c 0x00000000   Number         0  stm32f4xx_dbgmcu.o ABSOLUTE
    ..\\00_STM32_Libraries\\STM32F4xx_StdPeriph_Driver\\src\\stm32f4xx_dcmi.c 0x00000000   Number         0  stm32f4xx_dcmi.o ABSOLUTE
    ..\\00_STM32_Libraries\\STM32F4xx_StdPeriph_Driver\\src\\stm32f4xx_dma.c 0x00000000   Number         0  stm32f4xx_dma.o ABSOLUTE
    ..\\00_STM32_Libraries\\STM32F4xx_StdPeriph_Driver\\src\\stm32f4xx_exti.c 0x00000000   Number         0  stm32f4xx_exti.o ABSOLUTE
    ..\\00_STM32_Libraries\\STM32F4xx_StdPeriph_Driver\\src\\stm32f4xx_flash.c 0x00000000   Number         0  stm32f4xx_flash.o ABSOLUTE
    ..\\00_STM32_Libraries\\STM32F4xx_StdPeriph_Driver\\src\\stm32f4xx_flash_ramfunc.c 0x00000000   Number         0  stm32f4xx_flash_ramfunc.o ABSOLUTE
    ..\\00_STM32_Libraries\\STM32F4xx_StdPeriph_Driver\\src\\stm32f4xx_gpio.c 0x00000000   Number         0  stm32f4xx_gpio.o ABSOLUTE
    ..\\00_STM32_Libraries\\STM32F4xx_StdPeriph_Driver\\src\\stm32f4xx_hash.c 0x00000000   Number         0  stm32f4xx_hash.o ABSOLUTE
    ..\\00_STM32_Libraries\\STM32F4xx_StdPeriph_Driver\\src\\stm32f4xx_hash_md5.c 0x00000000   Number         0  stm32f4xx_hash_md5.o ABSOLUTE
    ..\\00_STM32_Libraries\\STM32F4xx_StdPeriph_Driver\\src\\stm32f4xx_hash_sha1.c 0x00000000   Number         0  stm32f4xx_hash_sha1.o ABSOLUTE
    ..\\00_STM32_Libraries\\STM32F4xx_StdPeriph_Driver\\src\\stm32f4xx_i2c.c 0x00000000   Number         0  stm32f4xx_i2c.o ABSOLUTE
    ..\\00_STM32_Libraries\\STM32F4xx_StdPeriph_Driver\\src\\stm32f4xx_iwdg.c 0x00000000   Number         0  stm32f4xx_iwdg.o ABSOLUTE
    ..\\00_STM32_Libraries\\STM32F4xx_StdPeriph_Driver\\src\\stm32f4xx_pwr.c 0x00000000   Number         0  stm32f4xx_pwr.o ABSOLUTE
    ..\\00_STM32_Libraries\\STM32F4xx_StdPeriph_Driver\\src\\stm32f4xx_rcc.c 0x00000000   Number         0  stm32f4xx_rcc.o ABSOLUTE
    ..\\00_STM32_Libraries\\STM32F4xx_StdPeriph_Driver\\src\\stm32f4xx_rng.c 0x00000000   Number         0  stm32f4xx_rng.o ABSOLUTE
    ..\\00_STM32_Libraries\\STM32F4xx_StdPeriph_Driver\\src\\stm32f4xx_rtc.c 0x00000000   Number         0  stm32f4xx_rtc.o ABSOLUTE
    ..\\00_STM32_Libraries\\STM32F4xx_StdPeriph_Driver\\src\\stm32f4xx_sai.c 0x00000000   Number         0  stm32f4xx_sai.o ABSOLUTE
    ..\\00_STM32_Libraries\\STM32F4xx_StdPeriph_Driver\\src\\stm32f4xx_sdio.c 0x00000000   Number         0  stm32f4xx_sdio.o ABSOLUTE
    ..\\00_STM32_Libraries\\STM32F4xx_StdPeriph_Driver\\src\\stm32f4xx_spi.c 0x00000000   Number         0  stm32f4xx_spi.o ABSOLUTE
    ..\\00_STM32_Libraries\\STM32F4xx_StdPeriph_Driver\\src\\stm32f4xx_syscfg.c 0x00000000   Number         0  stm32f4xx_syscfg.o ABSOLUTE
    ..\\00_STM32_Libraries\\STM32F4xx_StdPeriph_Driver\\src\\stm32f4xx_tim.c 0x00000000   Number         0  stm32f4xx_tim.o ABSOLUTE
    ..\\00_STM32_Libraries\\STM32F4xx_StdPeriph_Driver\\src\\stm32f4xx_usart.c 0x00000000   Number         0  stm32f4xx_usart.o ABSOLUTE
    ..\\00_STM32_Libraries\\STM32F4xx_StdPeriph_Driver\\src\\stm32f4xx_wwdg.c 0x00000000   Number         0  stm32f4xx_wwdg.o ABSOLUTE
    ..\\04_PUB_Main\\Delay.c                 0x00000000   Number         0  delay.o ABSOLUTE
    ..\\04_PUB_Main\\Global_Para.c           0x00000000   Number         0  global_para.o ABSOLUTE
    ..\\04_PUB_Main\\Plc.c                   0x00000000   Number         0  plc.o ABSOLUTE
    ..\\04_PUB_Main\\Timer.c                 0x00000000   Number         0  timer.o ABSOLUTE
    ..\\04_PUB_Main\\arm_common_tables.c     0x00000000   Number         0  arm_common_tables.o ABSOLUTE
    ..\\04_PUB_Main\\main.c                  0x00000000   Number         0  main.o ABSOLUTE
    ..\\04_PUB_Main\\stm32f4xx_it.c          0x00000000   Number         0  stm32f4xx_it.o ABSOLUTE
    ..\\05_Motor\\Src\\UnitreeMotor.c        0x00000000   Number         0  unitreemotor.o ABSOLUTE
    ..\\05_Motor\\Src\\crc32.c               0x00000000   Number         0  crc32.o ABSOLUTE
    ..\\05_Motor\\Src\\motor1_rs485.c        0x00000000   Number         0  motor1_rs485.o ABSOLUTE
    ..\\05_Motor\\Src\\motor2_rs485.c        0x00000000   Number         0  motor2_rs485.o ABSOLUTE
    ..\\05_Motor\\Src\\motor3_rs485.c        0x00000000   Number         0  motor3_rs485.o ABSOLUTE
    ..\\05_Motor\\Src\\motor4_rs485.c        0x00000000   Number         0  motor4_rs485.o ABSOLUTE
    ..\\06_MotionControl\\Src\\motion_control.c 0x00000000   Number         0  motion_control.o ABSOLUTE
    dc.s                                     0x00000000   Number         0  dc.o ABSOLUTE
    handlers.s                               0x00000000   Number         0  handlers.o ABSOLUTE
    init.s                                   0x00000000   Number         0  init.o ABSOLUTE
    RESET                                    0x08000000   Section      392  startup_stm32f40xx.o(RESET)
    .ARM.Collect$$$$00000000                 0x08000188   Section        0  entry.o(.ARM.Collect$$$$00000000)
    .ARM.Collect$$$$00000001                 0x08000188   Section        4  entry2.o(.ARM.Collect$$$$00000001)
    .ARM.Collect$$$$00000004                 0x0800018c   Section        4  entry5.o(.ARM.Collect$$$$00000004)
    .ARM.Collect$$$$00000008                 0x08000190   Section        0  entry7b.o(.ARM.Collect$$$$00000008)
    .ARM.Collect$$$$0000000A                 0x08000190   Section        0  entry8b.o(.ARM.Collect$$$$0000000A)
    .ARM.Collect$$$$0000000B                 0x08000190   Section        8  entry9a.o(.ARM.Collect$$$$0000000B)
    .ARM.Collect$$$$0000000E                 0x08000198   Section        4  entry12b.o(.ARM.Collect$$$$0000000E)
    .ARM.Collect$$$$0000000F                 0x0800019c   Section        0  entry10a.o(.ARM.Collect$$$$0000000F)
    .ARM.Collect$$$$00000011                 0x0800019c   Section        0  entry11a.o(.ARM.Collect$$$$00000011)
    .ARM.Collect$$$$00002712                 0x0800019c   Section        4  entry2.o(.ARM.Collect$$$$00002712)
    __lit__00000000                          0x0800019c   Data           4  entry2.o(.ARM.Collect$$$$00002712)
    .text                                    0x080001a0   Section       36  startup_stm32f40xx.o(.text)
    $v0                                      0x080001a0   Number         0  startup_stm32f40xx.o(.text)
    .text                                    0x080001c4   Section        0  memcpya.o(.text)
    .text                                    0x080001e8   Section        0  memseta.o(.text)
    .text                                    0x0800020c   Section        0  dmul.o(.text)
    .text                                    0x080002f0   Section        0  ddiv.o(.text)
    .text                                    0x080003ce   Section        0  dfixi.o(.text)
    .text                                    0x0800040c   Section        0  f2d.o(.text)
    .text                                    0x08000432   Section        0  d2f.o(.text)
    .text                                    0x0800046a   Section        0  llushr.o(.text)
    .text                                    0x0800048a   Section        0  iusefp.o(.text)
    .text                                    0x0800048a   Section        0  fepilogue.o(.text)
    .text                                    0x080004f8   Section        0  depilogue.o(.text)
    .text                                    0x080005b4   Section       36  init.o(.text)
    .text                                    0x080005d8   Section        0  llshl.o(.text)
    i.A1B1RS485Receive                       0x080005f8   Section        0  unitreemotor.o(i.A1B1RS485Receive)
    i.A1_B1_Motor_Init                       0x08000800   Section        0  motion_control.o(i.A1_B1_Motor_Init)
    i.BSP_Init                               0x08000960   Section        0  main.o(i.BSP_Init)
    i.BusFault_Handler                       0x080009a0   Section        0  stm32f4xx_it.o(i.BusFault_Handler)
    i.COMMWrRdPara                           0x080009a4   Section        0  plc.o(i.COMMWrRdPara)
    i.Comm_PC_MainLoopSchedule               0x080016a8   Section        0  plc.o(i.Comm_PC_MainLoopSchedule)
    i.DMA1_Stream6_IRQHandler                0x080016e4   Section        0  motor3_rs485.o(i.DMA1_Stream6_IRQHandler)
    i.DMA1_Stream7_IRQHandler                0x08001738   Section        0  motor4_rs485.o(i.DMA1_Stream7_IRQHandler)
    i.DMA2_Stream6_IRQHandler                0x0800178c   Section        0  motor2_rs485.o(i.DMA2_Stream6_IRQHandler)
    i.DMA2_Stream7_IRQHandler                0x080017e0   Section        0  motor1_rs485.o(i.DMA2_Stream7_IRQHandler)
    i.DMA_ClearFlag                          0x08001834   Section        0  stm32f4xx_dma.o(i.DMA_ClearFlag)
    i.DMA_ClearITPendingBit                  0x08001868   Section        0  stm32f4xx_dma.o(i.DMA_ClearITPendingBit)
    i.DMA_Cmd                                0x0800189c   Section        0  stm32f4xx_dma.o(i.DMA_Cmd)
    i.DMA_DeInit                             0x080018b4   Section        0  stm32f4xx_dma.o(i.DMA_DeInit)
    i.DMA_GetCmdStatus                       0x08001a0c   Section        0  stm32f4xx_dma.o(i.DMA_GetCmdStatus)
    i.DMA_ITConfig                           0x08001a20   Section        0  stm32f4xx_dma.o(i.DMA_ITConfig)
    i.DMA_Init                               0x08001a5c   Section        0  stm32f4xx_dma.o(i.DMA_Init)
    i.DMA_SetCurrDataCounter                 0x08001ab4   Section        0  stm32f4xx_dma.o(i.DMA_SetCurrDataCounter)
    i.DataAllRcvJudge                        0x08001ab8   Section        0  plc.o(i.DataAllRcvJudge)
    i.DebugMon_Handler                       0x08001b5c   Section        0  stm32f4xx_it.o(i.DebugMon_Handler)
    i.GPIO_Init                              0x08001b5e   Section        0  stm32f4xx_gpio.o(i.GPIO_Init)
    i.GPIO_PinAFConfig                       0x08001bee   Section        0  stm32f4xx_gpio.o(i.GPIO_PinAFConfig)
    i.GPIO_ResetBits                         0x08001c34   Section        0  stm32f4xx_gpio.o(i.GPIO_ResetBits)
    i.GPIO_SetBits                           0x08001c38   Section        0  stm32f4xx_gpio.o(i.GPIO_SetBits)
    i.HardFault_Handler                      0x08001c3c   Section        0  stm32f4xx_it.o(i.HardFault_Handler)
    i.MOTOR1_B1_RS485_Configuration          0x08001c40   Section        0  motor1_rs485.o(i.MOTOR1_B1_RS485_Configuration)
    i.MOTOR1_RS485_SEND                      0x08001e84   Section        0  motor1_rs485.o(i.MOTOR1_RS485_SEND)
    i.MOTOR2_B1_RS485_Configuration          0x08001ea4   Section        0  motor2_rs485.o(i.MOTOR2_B1_RS485_Configuration)
    i.MOTOR2_RS485_SEND                      0x080020e8   Section        0  motor2_rs485.o(i.MOTOR2_RS485_SEND)
    i.MOTOR3_A1_RS485_Configuration          0x08002108   Section        0  motor3_rs485.o(i.MOTOR3_A1_RS485_Configuration)
    i.MOTOR3_RS485_SEND                      0x0800234c   Section        0  motor3_rs485.o(i.MOTOR3_RS485_SEND)
    i.MOTOR4_A1_RS485_Configuration          0x0800236c   Section        0  motor4_rs485.o(i.MOTOR4_A1_RS485_Configuration)
    i.MOTOR4_RS485_SEND                      0x080025bc   Section        0  motor4_rs485.o(i.MOTOR4_RS485_SEND)
    i.MemManage_Handler                      0x080025dc   Section        0  stm32f4xx_it.o(i.MemManage_Handler)
    i.MotorStopPack                          0x080025e0   Section        0  unitreemotor.o(i.MotorStopPack)
    i.Motor_Init                             0x080025fc   Section        0  main.o(i.Motor_Init)
    i.NMI_Handler                            0x08002610   Section        0  stm32f4xx_it.o(i.NMI_Handler)
    i.NVIC_Init                              0x08002614   Section        0  misc.o(i.NVIC_Init)
    i.PLC_Computer_USART_Configuration       0x0800268c   Section        0  plc.o(i.PLC_Computer_USART_Configuration)
    i.PendSV_Handler                         0x08002778   Section        0  stm32f4xx_it.o(i.PendSV_Handler)
    i.RCC_AHB1PeriphClockCmd                 0x0800277c   Section        0  stm32f4xx_rcc.o(i.RCC_AHB1PeriphClockCmd)
    i.RCC_APB1PeriphClockCmd                 0x0800279c   Section        0  stm32f4xx_rcc.o(i.RCC_APB1PeriphClockCmd)
    i.RCC_APB2PeriphClockCmd                 0x080027bc   Section        0  stm32f4xx_rcc.o(i.RCC_APB2PeriphClockCmd)
    i.RCC_GetClocksFreq                      0x080027dc   Section        0  stm32f4xx_rcc.o(i.RCC_GetClocksFreq)
    i.RcvDataDeal                            0x080028c4   Section        0  plc.o(i.RcvDataDeal)
    i.RcvIsr                                 0x0800290c   Section        0  plc.o(i.RcvIsr)
    i.SVC_Handler                            0x08002960   Section        0  stm32f4xx_it.o(i.SVC_Handler)
    i.SetSysClock                            0x08002964   Section        0  system_stm32f4xx.o(i.SetSysClock)
    SetSysClock                              0x08002965   Thumb Code   220  system_stm32f4xx.o(i.SetSysClock)
    i.SysTick_CLKSourceConfig                0x08002a50   Section        0  misc.o(i.SysTick_CLKSourceConfig)
    i.SysTick_Handler                        0x08002a78   Section        0  stm32f4xx_it.o(i.SysTick_Handler)
    i.SysTick_Init                           0x08002a7c   Section        0  delay.o(i.SysTick_Init)
    i.SystemInit                             0x08002abc   Section        0  system_stm32f4xx.o(i.SystemInit)
    i.TIM4_ProgramTest_Init                  0x08002b24   Section        0  timer.o(i.TIM4_ProgramTest_Init)
    i.TIM_Cmd                                0x08002b5c   Section        0  stm32f4xx_tim.o(i.TIM_Cmd)
    i.TIM_TimeBaseInit                       0x08002b74   Section        0  stm32f4xx_tim.o(i.TIM_TimeBaseInit)
    i.UART5_IRQHandler                       0x08002bf8   Section        0  motor4_rs485.o(i.UART5_IRQHandler)
    i.USART1_IRQHandler                      0x08002c50   Section        0  motor1_rs485.o(i.USART1_IRQHandler)
    i.USART2_IRQHandler                      0x08002ca8   Section        0  motor3_rs485.o(i.USART2_IRQHandler)
    i.USART3_IRQHandler                      0x08002d00   Section        0  plc.o(i.USART3_IRQHandler)
    i.USART6_IRQHandler                      0x08002d18   Section        0  motor2_rs485.o(i.USART6_IRQHandler)
    i.USART_ClearFlag                        0x08002d70   Section        0  stm32f4xx_usart.o(i.USART_ClearFlag)
    i.USART_Cmd                              0x08002d82   Section        0  stm32f4xx_usart.o(i.USART_Cmd)
    i.USART_DMACmd                           0x08002d9a   Section        0  stm32f4xx_usart.o(i.USART_DMACmd)
    i.USART_GetFlagStatus                    0x08002dac   Section        0  stm32f4xx_usart.o(i.USART_GetFlagStatus)
    i.USART_GetITStatus                      0x08002dc6   Section        0  stm32f4xx_usart.o(i.USART_GetITStatus)
    i.USART_ITConfig                         0x08002e1a   Section        0  stm32f4xx_usart.o(i.USART_ITConfig)
    i.USART_Init                             0x08002e64   Section        0  stm32f4xx_usart.o(i.USART_Init)
    i.USART_OverSampling8Cmd                 0x08002f38   Section        0  stm32f4xx_usart.o(i.USART_OverSampling8Cmd)
    i.USART_ReceiveData                      0x08002f4e   Section        0  stm32f4xx_usart.o(i.USART_ReceiveData)
    i.UsageFault_Handler                     0x08002f58   Section        0  stm32f4xx_it.o(i.UsageFault_Handler)
    i.__scatterload_copy                     0x08002f5c   Section       14  handlers.o(i.__scatterload_copy)
    i.__scatterload_null                     0x08002f6a   Section        2  handlers.o(i.__scatterload_null)
    i.__scatterload_zeroinit                 0x08002f6c   Section       14  handlers.o(i.__scatterload_zeroinit)
    i.crc32_core                             0x08002f7c   Section        0  crc32.o(i.crc32_core)
    i.delay_ms                               0x08002fe0   Section        0  delay.o(i.delay_ms)
    i.extract_data                           0x0800302c   Section        0  unitreemotor.o(i.extract_data)
    i.main                                   0x08003110   Section        0  main.o(i.main)
    i.modify_data                            0x08003184   Section        0  unitreemotor.o(i.modify_data)
    .data                                    0x20000000   Section       20  system_stm32f4xx.o(.data)
    .data                                    0x20000014   Section       16  stm32f4xx_rcc.o(.data)
    APBAHBPrescTable                         0x20000014   Data          16  stm32f4xx_rcc.o(.data)
    .data                                    0x20000024   Section        8  main.o(.data)
    uwTimingDelay                            0x20000024   Data           4  main.o(.data)
    .data                                    0x2000002c   Section        8  delay.o(.data)
    fac_us                                   0x2000002c   Data           2  delay.o(.data)
    fac_ms                                   0x2000002e   Data           2  delay.o(.data)
    sv_uiDelay                               0x20000030   Data           4  delay.o(.data)
    .data                                    0x20000034   Section       20  plc.o(.data)
    gFrame3P5TimeCntNew                      0x20000040   Data           4  plc.o(.data)
    gFrame3P5TimeCntOld                      0x20000044   Data           4  plc.o(.data)
    .data                                    0x20000048   Section       20  unitreemotor.o(.data)
    .bss                                     0x2000005c   Section       16  main.o(.bss)
    .bss                                     0x2000006c   Section      632  plc.o(.bss)
    .bss                                     0x200002e4   Section     1888  unitreemotor.o(.bss)
    STACK                                    0x20000a48   Section     1024  startup_stm32f40xx.o(STACK)

    Global Symbols

    Symbol Name                              Value     Ov Type        Size  Object(Section)

    BuildAttributes$$THM_ISAv4$E$P$D$K$B$S$7EM$VFPi3$EXTD16$VFPS$VFMA$PE$A:L22UL41UL21$X:L11$S22US41US21$IEEE1$IW$USESV6$~STKCKD$USESV7$~SHL$OTIME$ROPI$EBA8$MICROLIB$REQ8$PRES8$EABIv2 0x00000000   Number         0  anon$$obj.o ABSOLUTE
    __ARM_use_no_argv                        0x00000000   Number         0  main.o ABSOLUTE
    __arm_fini_                               - Undefined Weak Reference
    __cpp_initialize__aeabi_                  - Undefined Weak Reference
    __cxa_finalize                            - Undefined Weak Reference
    __decompress                              - Undefined Weak Reference
    _clock_init                               - Undefined Weak Reference
    _microlib_exit                            - Undefined Weak Reference
    __Vectors_Size                           0x00000188   Number         0  startup_stm32f40xx.o ABSOLUTE
    __Vectors                                0x08000000   Data           4  startup_stm32f40xx.o(RESET)
    __Vectors_End                            0x08000188   Data           0  startup_stm32f40xx.o(RESET)
    __main                                   0x08000189   Thumb Code     0  entry.o(.ARM.Collect$$$$00000000)
    _main_stk                                0x08000189   Thumb Code     0  entry2.o(.ARM.Collect$$$$00000001)
    _main_scatterload                        0x0800018d   Thumb Code     0  entry5.o(.ARM.Collect$$$$00000004)
    __main_after_scatterload                 0x08000191   Thumb Code     0  entry5.o(.ARM.Collect$$$$00000004)
    _main_clock                              0x08000191   Thumb Code     0  entry7b.o(.ARM.Collect$$$$00000008)
    _main_cpp_init                           0x08000191   Thumb Code     0  entry8b.o(.ARM.Collect$$$$0000000A)
    _main_init                               0x08000191   Thumb Code     0  entry9a.o(.ARM.Collect$$$$0000000B)
    __rt_lib_shutdown_fini                   0x08000199   Thumb Code     0  entry12b.o(.ARM.Collect$$$$0000000E)
    __rt_final_cpp                           0x0800019d   Thumb Code     0  entry10a.o(.ARM.Collect$$$$0000000F)
    __rt_final_exit                          0x0800019d   Thumb Code     0  entry11a.o(.ARM.Collect$$$$00000011)
    Reset_Handler                            0x080001a1   Thumb Code     8  startup_stm32f40xx.o(.text)
    ADC_IRQHandler                           0x080001bb   Thumb Code     0  startup_stm32f40xx.o(.text)
    CAN1_RX0_IRQHandler                      0x080001bb   Thumb Code     0  startup_stm32f40xx.o(.text)
    CAN1_RX1_IRQHandler                      0x080001bb   Thumb Code     0  startup_stm32f40xx.o(.text)
    CAN1_SCE_IRQHandler                      0x080001bb   Thumb Code     0  startup_stm32f40xx.o(.text)
    CAN1_TX_IRQHandler                       0x080001bb   Thumb Code     0  startup_stm32f40xx.o(.text)
    CAN2_RX0_IRQHandler                      0x080001bb   Thumb Code     0  startup_stm32f40xx.o(.text)
    CAN2_RX1_IRQHandler                      0x080001bb   Thumb Code     0  startup_stm32f40xx.o(.text)
    CAN2_SCE_IRQHandler                      0x080001bb   Thumb Code     0  startup_stm32f40xx.o(.text)
    CAN2_TX_IRQHandler                       0x080001bb   Thumb Code     0  startup_stm32f40xx.o(.text)
    CRYP_IRQHandler                          0x080001bb   Thumb Code     0  startup_stm32f40xx.o(.text)
    DCMI_IRQHandler                          0x080001bb   Thumb Code     0  startup_stm32f40xx.o(.text)
    DMA1_Stream0_IRQHandler                  0x080001bb   Thumb Code     0  startup_stm32f40xx.o(.text)
    DMA1_Stream1_IRQHandler                  0x080001bb   Thumb Code     0  startup_stm32f40xx.o(.text)
    DMA1_Stream2_IRQHandler                  0x080001bb   Thumb Code     0  startup_stm32f40xx.o(.text)
    DMA1_Stream3_IRQHandler                  0x080001bb   Thumb Code     0  startup_stm32f40xx.o(.text)
    DMA1_Stream4_IRQHandler                  0x080001bb   Thumb Code     0  startup_stm32f40xx.o(.text)
    DMA1_Stream5_IRQHandler                  0x080001bb   Thumb Code     0  startup_stm32f40xx.o(.text)
    DMA2_Stream0_IRQHandler                  0x080001bb   Thumb Code     0  startup_stm32f40xx.o(.text)
    DMA2_Stream1_IRQHandler                  0x080001bb   Thumb Code     0  startup_stm32f40xx.o(.text)
    DMA2_Stream2_IRQHandler                  0x080001bb   Thumb Code     0  startup_stm32f40xx.o(.text)
    DMA2_Stream3_IRQHandler                  0x080001bb   Thumb Code     0  startup_stm32f40xx.o(.text)
    DMA2_Stream4_IRQHandler                  0x080001bb   Thumb Code     0  startup_stm32f40xx.o(.text)
    DMA2_Stream5_IRQHandler                  0x080001bb   Thumb Code     0  startup_stm32f40xx.o(.text)
    ETH_IRQHandler                           0x080001bb   Thumb Code     0  startup_stm32f40xx.o(.text)
    ETH_WKUP_IRQHandler                      0x080001bb   Thumb Code     0  startup_stm32f40xx.o(.text)
    EXTI0_IRQHandler                         0x080001bb   Thumb Code     0  startup_stm32f40xx.o(.text)
    EXTI15_10_IRQHandler                     0x080001bb   Thumb Code     0  startup_stm32f40xx.o(.text)
    EXTI1_IRQHandler                         0x080001bb   Thumb Code     0  startup_stm32f40xx.o(.text)
    EXTI2_IRQHandler                         0x080001bb   Thumb Code     0  startup_stm32f40xx.o(.text)
    EXTI3_IRQHandler                         0x080001bb   Thumb Code     0  startup_stm32f40xx.o(.text)
    EXTI4_IRQHandler                         0x080001bb   Thumb Code     0  startup_stm32f40xx.o(.text)
    EXTI9_5_IRQHandler                       0x080001bb   Thumb Code     0  startup_stm32f40xx.o(.text)
    FLASH_IRQHandler                         0x080001bb   Thumb Code     0  startup_stm32f40xx.o(.text)
    FPU_IRQHandler                           0x080001bb   Thumb Code     0  startup_stm32f40xx.o(.text)
    FSMC_IRQHandler                          0x080001bb   Thumb Code     0  startup_stm32f40xx.o(.text)
    HASH_RNG_IRQHandler                      0x080001bb   Thumb Code     0  startup_stm32f40xx.o(.text)
    I2C1_ER_IRQHandler                       0x080001bb   Thumb Code     0  startup_stm32f40xx.o(.text)
    I2C1_EV_IRQHandler                       0x080001bb   Thumb Code     0  startup_stm32f40xx.o(.text)
    I2C2_ER_IRQHandler                       0x080001bb   Thumb Code     0  startup_stm32f40xx.o(.text)
    I2C2_EV_IRQHandler                       0x080001bb   Thumb Code     0  startup_stm32f40xx.o(.text)
    I2C3_ER_IRQHandler                       0x080001bb   Thumb Code     0  startup_stm32f40xx.o(.text)
    I2C3_EV_IRQHandler                       0x080001bb   Thumb Code     0  startup_stm32f40xx.o(.text)
    OTG_FS_IRQHandler                        0x080001bb   Thumb Code     0  startup_stm32f40xx.o(.text)
    OTG_FS_WKUP_IRQHandler                   0x080001bb   Thumb Code     0  startup_stm32f40xx.o(.text)
    OTG_HS_EP1_IN_IRQHandler                 0x080001bb   Thumb Code     0  startup_stm32f40xx.o(.text)
    OTG_HS_EP1_OUT_IRQHandler                0x080001bb   Thumb Code     0  startup_stm32f40xx.o(.text)
    OTG_HS_IRQHandler                        0x080001bb   Thumb Code     0  startup_stm32f40xx.o(.text)
    OTG_HS_WKUP_IRQHandler                   0x080001bb   Thumb Code     0  startup_stm32f40xx.o(.text)
    PVD_IRQHandler                           0x080001bb   Thumb Code     0  startup_stm32f40xx.o(.text)
    RCC_IRQHandler                           0x080001bb   Thumb Code     0  startup_stm32f40xx.o(.text)
    RTC_Alarm_IRQHandler                     0x080001bb   Thumb Code     0  startup_stm32f40xx.o(.text)
    RTC_WKUP_IRQHandler                      0x080001bb   Thumb Code     0  startup_stm32f40xx.o(.text)
    SDIO_IRQHandler                          0x080001bb   Thumb Code     0  startup_stm32f40xx.o(.text)
    SPI1_IRQHandler                          0x080001bb   Thumb Code     0  startup_stm32f40xx.o(.text)
    SPI2_IRQHandler                          0x080001bb   Thumb Code     0  startup_stm32f40xx.o(.text)
    SPI3_IRQHandler                          0x080001bb   Thumb Code     0  startup_stm32f40xx.o(.text)
    TAMP_STAMP_IRQHandler                    0x080001bb   Thumb Code     0  startup_stm32f40xx.o(.text)
    TIM1_BRK_TIM9_IRQHandler                 0x080001bb   Thumb Code     0  startup_stm32f40xx.o(.text)
    TIM1_CC_IRQHandler                       0x080001bb   Thumb Code     0  startup_stm32f40xx.o(.text)
    TIM1_TRG_COM_TIM11_IRQHandler            0x080001bb   Thumb Code     0  startup_stm32f40xx.o(.text)
    TIM1_UP_TIM10_IRQHandler                 0x080001bb   Thumb Code     0  startup_stm32f40xx.o(.text)
    TIM2_IRQHandler                          0x080001bb   Thumb Code     0  startup_stm32f40xx.o(.text)
    TIM3_IRQHandler                          0x080001bb   Thumb Code     0  startup_stm32f40xx.o(.text)
    TIM4_IRQHandler                          0x080001bb   Thumb Code     0  startup_stm32f40xx.o(.text)
    TIM5_IRQHandler                          0x080001bb   Thumb Code     0  startup_stm32f40xx.o(.text)
    TIM6_DAC_IRQHandler                      0x080001bb   Thumb Code     0  startup_stm32f40xx.o(.text)
    TIM7_IRQHandler                          0x080001bb   Thumb Code     0  startup_stm32f40xx.o(.text)
    TIM8_BRK_TIM12_IRQHandler                0x080001bb   Thumb Code     0  startup_stm32f40xx.o(.text)
    TIM8_CC_IRQHandler                       0x080001bb   Thumb Code     0  startup_stm32f40xx.o(.text)
    TIM8_TRG_COM_TIM14_IRQHandler            0x080001bb   Thumb Code     0  startup_stm32f40xx.o(.text)
    TIM8_UP_TIM13_IRQHandler                 0x080001bb   Thumb Code     0  startup_stm32f40xx.o(.text)
    UART4_IRQHandler                         0x080001bb   Thumb Code     0  startup_stm32f40xx.o(.text)
    WWDG_IRQHandler                          0x080001bb   Thumb Code     0  startup_stm32f40xx.o(.text)
    __aeabi_memcpy                           0x080001c5   Thumb Code    36  memcpya.o(.text)
    __aeabi_memcpy4                          0x080001c5   Thumb Code     0  memcpya.o(.text)
    __aeabi_memcpy8                          0x080001c5   Thumb Code     0  memcpya.o(.text)
    __aeabi_memset                           0x080001e9   Thumb Code    14  memseta.o(.text)
    __aeabi_memset4                          0x080001e9   Thumb Code     0  memseta.o(.text)
    __aeabi_memset8                          0x080001e9   Thumb Code     0  memseta.o(.text)
    __aeabi_memclr                           0x080001f7   Thumb Code     4  memseta.o(.text)
    __aeabi_memclr4                          0x080001f7   Thumb Code     0  memseta.o(.text)
    __aeabi_memclr8                          0x080001f7   Thumb Code     0  memseta.o(.text)
    _memset$wrapper                          0x080001fb   Thumb Code    18  memseta.o(.text)
    __aeabi_dmul                             0x0800020d   Thumb Code   228  dmul.o(.text)
    __aeabi_ddiv                             0x080002f1   Thumb Code   222  ddiv.o(.text)
    __aeabi_d2iz                             0x080003cf   Thumb Code    62  dfixi.o(.text)
    __aeabi_f2d                              0x0800040d   Thumb Code    38  f2d.o(.text)
    __aeabi_d2f                              0x08000433   Thumb Code    56  d2f.o(.text)
    __aeabi_llsr                             0x0800046b   Thumb Code    32  llushr.o(.text)
    _ll_ushift_r                             0x0800046b   Thumb Code     0  llushr.o(.text)
    __I$use$fp                               0x0800048b   Thumb Code     0  iusefp.o(.text)
    _float_round                             0x0800048b   Thumb Code    18  fepilogue.o(.text)
    _float_epilogue                          0x0800049d   Thumb Code    92  fepilogue.o(.text)
    _double_round                            0x080004f9   Thumb Code    30  depilogue.o(.text)
    _double_epilogue                         0x08000517   Thumb Code   156  depilogue.o(.text)
    __scatterload                            0x080005b5   Thumb Code    28  init.o(.text)
    __scatterload_rt2                        0x080005b5   Thumb Code     0  init.o(.text)
    __aeabi_llsl                             0x080005d9   Thumb Code    30  llshl.o(.text)
    _ll_shift_l                              0x080005d9   Thumb Code     0  llshl.o(.text)
    A1B1RS485Receive                         0x080005f9   Thumb Code   490  unitreemotor.o(i.A1B1RS485Receive)
    A1_B1_Motor_Init                         0x08000801   Thumb Code   334  motion_control.o(i.A1_B1_Motor_Init)
    BSP_Init                                 0x08000961   Thumb Code    64  main.o(i.BSP_Init)
    BusFault_Handler                         0x080009a1   Thumb Code     4  stm32f4xx_it.o(i.BusFault_Handler)
    COMMWrRdPara                             0x080009a5   Thumb Code  3322  plc.o(i.COMMWrRdPara)
    Comm_PC_MainLoopSchedule                 0x080016a9   Thumb Code    42  plc.o(i.Comm_PC_MainLoopSchedule)
    DMA1_Stream6_IRQHandler                  0x080016e5   Thumb Code    66  motor3_rs485.o(i.DMA1_Stream6_IRQHandler)
    DMA1_Stream7_IRQHandler                  0x08001739   Thumb Code    70  motor4_rs485.o(i.DMA1_Stream7_IRQHandler)
    DMA2_Stream6_IRQHandler                  0x0800178d   Thumb Code    66  motor2_rs485.o(i.DMA2_Stream6_IRQHandler)
    DMA2_Stream7_IRQHandler                  0x080017e1   Thumb Code    70  motor1_rs485.o(i.DMA2_Stream7_IRQHandler)
    DMA_ClearFlag                            0x08001835   Thumb Code    38  stm32f4xx_dma.o(i.DMA_ClearFlag)
    DMA_ClearITPendingBit                    0x08001869   Thumb Code    38  stm32f4xx_dma.o(i.DMA_ClearITPendingBit)
    DMA_Cmd                                  0x0800189d   Thumb Code    22  stm32f4xx_dma.o(i.DMA_Cmd)
    DMA_DeInit                               0x080018b5   Thumb Code   324  stm32f4xx_dma.o(i.DMA_DeInit)
    DMA_GetCmdStatus                         0x08001a0d   Thumb Code    20  stm32f4xx_dma.o(i.DMA_GetCmdStatus)
    DMA_ITConfig                             0x08001a21   Thumb Code    58  stm32f4xx_dma.o(i.DMA_ITConfig)
    DMA_Init                                 0x08001a5d   Thumb Code    82  stm32f4xx_dma.o(i.DMA_Init)
    DMA_SetCurrDataCounter                   0x08001ab5   Thumb Code     4  stm32f4xx_dma.o(i.DMA_SetCurrDataCounter)
    DataAllRcvJudge                          0x08001ab9   Thumb Code   128  plc.o(i.DataAllRcvJudge)
    DebugMon_Handler                         0x08001b5d   Thumb Code     2  stm32f4xx_it.o(i.DebugMon_Handler)
    GPIO_Init                                0x08001b5f   Thumb Code   144  stm32f4xx_gpio.o(i.GPIO_Init)
    GPIO_PinAFConfig                         0x08001bef   Thumb Code    70  stm32f4xx_gpio.o(i.GPIO_PinAFConfig)
    GPIO_ResetBits                           0x08001c35   Thumb Code     4  stm32f4xx_gpio.o(i.GPIO_ResetBits)
    GPIO_SetBits                             0x08001c39   Thumb Code     4  stm32f4xx_gpio.o(i.GPIO_SetBits)
    HardFault_Handler                        0x08001c3d   Thumb Code     4  stm32f4xx_it.o(i.HardFault_Handler)
    MOTOR1_B1_RS485_Configuration            0x08001c41   Thumb Code   552  motor1_rs485.o(i.MOTOR1_B1_RS485_Configuration)
    MOTOR1_RS485_SEND                        0x08001e85   Thumb Code    22  motor1_rs485.o(i.MOTOR1_RS485_SEND)
    MOTOR2_B1_RS485_Configuration            0x08001ea5   Thumb Code   546  motor2_rs485.o(i.MOTOR2_B1_RS485_Configuration)
    MOTOR2_RS485_SEND                        0x080020e9   Thumb Code    22  motor2_rs485.o(i.MOTOR2_RS485_SEND)
    MOTOR3_A1_RS485_Configuration            0x08002109   Thumb Code   546  motor3_rs485.o(i.MOTOR3_A1_RS485_Configuration)
    MOTOR3_RS485_SEND                        0x0800234d   Thumb Code    22  motor3_rs485.o(i.MOTOR3_RS485_SEND)
    MOTOR4_A1_RS485_Configuration            0x0800236d   Thumb Code   556  motor4_rs485.o(i.MOTOR4_A1_RS485_Configuration)
    MOTOR4_RS485_SEND                        0x080025bd   Thumb Code    22  motor4_rs485.o(i.MOTOR4_RS485_SEND)
    MemManage_Handler                        0x080025dd   Thumb Code     4  stm32f4xx_it.o(i.MemManage_Handler)
    MotorStopPack                            0x080025e1   Thumb Code    26  unitreemotor.o(i.MotorStopPack)
    Motor_Init                               0x080025fd   Thumb Code    16  main.o(i.Motor_Init)
    NMI_Handler                              0x08002611   Thumb Code     2  stm32f4xx_it.o(i.NMI_Handler)
    NVIC_Init                                0x08002615   Thumb Code   106  misc.o(i.NVIC_Init)
    PLC_Computer_USART_Configuration         0x0800268d   Thumb Code   220  plc.o(i.PLC_Computer_USART_Configuration)
    PendSV_Handler                           0x08002779   Thumb Code     2  stm32f4xx_it.o(i.PendSV_Handler)
    RCC_AHB1PeriphClockCmd                   0x0800277d   Thumb Code    26  stm32f4xx_rcc.o(i.RCC_AHB1PeriphClockCmd)
    RCC_APB1PeriphClockCmd                   0x0800279d   Thumb Code    26  stm32f4xx_rcc.o(i.RCC_APB1PeriphClockCmd)
    RCC_APB2PeriphClockCmd                   0x080027bd   Thumb Code    26  stm32f4xx_rcc.o(i.RCC_APB2PeriphClockCmd)
    RCC_GetClocksFreq                        0x080027dd   Thumb Code   214  stm32f4xx_rcc.o(i.RCC_GetClocksFreq)
    RcvDataDeal                              0x080028c5   Thumb Code    62  plc.o(i.RcvDataDeal)
    RcvIsr                                   0x0800290d   Thumb Code    58  plc.o(i.RcvIsr)
    SVC_Handler                              0x08002961   Thumb Code     2  stm32f4xx_it.o(i.SVC_Handler)
    SysTick_CLKSourceConfig                  0x08002a51   Thumb Code    40  misc.o(i.SysTick_CLKSourceConfig)
    SysTick_Handler                          0x08002a79   Thumb Code     2  stm32f4xx_it.o(i.SysTick_Handler)
    SysTick_Init                             0x08002a7d   Thumb Code    48  delay.o(i.SysTick_Init)
    SystemInit                               0x08002abd   Thumb Code    88  system_stm32f4xx.o(i.SystemInit)
    TIM4_ProgramTest_Init                    0x08002b25   Thumb Code    50  timer.o(i.TIM4_ProgramTest_Init)
    TIM_Cmd                                  0x08002b5d   Thumb Code    24  stm32f4xx_tim.o(i.TIM_Cmd)
    TIM_TimeBaseInit                         0x08002b75   Thumb Code   104  stm32f4xx_tim.o(i.TIM_TimeBaseInit)
    UART5_IRQHandler                         0x08002bf9   Thumb Code    70  motor4_rs485.o(i.UART5_IRQHandler)
    USART1_IRQHandler                        0x08002c51   Thumb Code    76  motor1_rs485.o(i.USART1_IRQHandler)
    USART2_IRQHandler                        0x08002ca9   Thumb Code    72  motor3_rs485.o(i.USART2_IRQHandler)
    USART3_IRQHandler                        0x08002d01   Thumb Code    20  plc.o(i.USART3_IRQHandler)
    USART6_IRQHandler                        0x08002d19   Thumb Code    72  motor2_rs485.o(i.USART6_IRQHandler)
    USART_ClearFlag                          0x08002d71   Thumb Code    18  stm32f4xx_usart.o(i.USART_ClearFlag)
    USART_Cmd                                0x08002d83   Thumb Code    24  stm32f4xx_usart.o(i.USART_Cmd)
    USART_DMACmd                             0x08002d9b   Thumb Code    18  stm32f4xx_usart.o(i.USART_DMACmd)
    USART_GetFlagStatus                      0x08002dad   Thumb Code    26  stm32f4xx_usart.o(i.USART_GetFlagStatus)
    USART_GetITStatus                        0x08002dc7   Thumb Code    84  stm32f4xx_usart.o(i.USART_GetITStatus)
    USART_ITConfig                           0x08002e1b   Thumb Code    74  stm32f4xx_usart.o(i.USART_ITConfig)
    USART_Init                               0x08002e65   Thumb Code   204  stm32f4xx_usart.o(i.USART_Init)
    USART_OverSampling8Cmd                   0x08002f39   Thumb Code    22  stm32f4xx_usart.o(i.USART_OverSampling8Cmd)
    USART_ReceiveData                        0x08002f4f   Thumb Code    10  stm32f4xx_usart.o(i.USART_ReceiveData)
    UsageFault_Handler                       0x08002f59   Thumb Code     4  stm32f4xx_it.o(i.UsageFault_Handler)
    __scatterload_copy                       0x08002f5d   Thumb Code    14  handlers.o(i.__scatterload_copy)
    __scatterload_null                       0x08002f6b   Thumb Code     2  handlers.o(i.__scatterload_null)
    __scatterload_zeroinit                   0x08002f6d   Thumb Code    14  handlers.o(i.__scatterload_zeroinit)
    crc32_core                               0x08002f7d   Thumb Code    94  crc32.o(i.crc32_core)
    delay_ms                                 0x08002fe1   Thumb Code    72  delay.o(i.delay_ms)
    extract_data                             0x0800302d   Thumb Code   202  unitreemotor.o(i.extract_data)
    main                                     0x08003111   Thumb Code   102  main.o(i.main)
    modify_data                              0x08003185   Thumb Code   270  unitreemotor.o(i.modify_data)
    Region$$Table$$Base                      0x080032b8   Number         0  anon$$obj.o(Region$$Table)
    Region$$Table$$Limit                     0x080032d8   Number         0  anon$$obj.o(Region$$Table)
    SystemCoreClock                          0x20000000   Data           4  system_stm32f4xx.o(.data)
    AHBPrescTable                            0x20000004   Data          16  system_stm32f4xx.o(.data)
    TIM4_CNT                                 0x20000028   Data           4  main.o(.data)
    Frame_PC_State                           0x20000034   Data           2  plc.o(.data)
    Frame_PCData_State                       0x20000036   Data           2  plc.o(.data)
    gFrame3P5CntStartFlag                    0x20000038   Data           2  plc.o(.data)
    wFrame3P5Time                            0x2000003a   Data           2  plc.o(.data)
    RcvByteLen                               0x2000003c   Data           1  plc.o(.data)
    RcvDataLen                               0x2000003d   Data           1  plc.o(.data)
    DataLength                               0x2000003e   Data           1  plc.o(.data)
    B1_Motor_ID                              0x20000048   Data          12  unitreemotor.o(.data)
    A1_Motor_ID                              0x20000054   Data           8  unitreemotor.o(.data)
    RCC_Clocks                               0x2000005c   Data          16  main.o(.bss)
    PLC_Rcv_Buffer                           0x2000006c   Data          48  plc.o(.bss)
    PLC_RcvData_Buffer                       0x2000009c   Data          43  plc.o(.bss)
    RcvPCBuffer                              0x200000c8   Data         324  plc.o(.bss)
    SendPCBuffer                             0x2000020c   Data         216  plc.o(.bss)
    A1Motorbuffer                            0x200002e4   Data         156  unitreemotor.o(.bss)
    B1Motorbuffer                            0x20000380   Data         156  unitreemotor.o(.bss)
    SendToA1Motor_Buff                       0x2000041c   Data          68  unitreemotor.o(.bss)
    SendToB1Motor_Buff                       0x20000460   Data          68  unitreemotor.o(.bss)
    unitree_a1b1_motors                      0x200004a4   Data        1440  unitreemotor.o(.bss)
    __initial_sp                             0x20000e48   Data           0  startup_stm32f40xx.o(STACK)



==============================================================================

Memory Map of the image

  Image Entry point : 0x08000189

  Load Region LR_IROM1 (Base: 0x08000000, Size: 0x00003334, Max: 0x00100000, ABSOLUTE)

    Execution Region ER_IROM1 (Exec base: 0x08000000, Load base: 0x08000000, Size: 0x000032d8, Max: 0x00100000, ABSOLUTE)

    Exec Addr    Load Addr    Size         Type   Attr      Idx    E Section Name        Object

    0x08000000   0x08000000   0x00000188   Data   RO            3    RESET               startup_stm32f40xx.o
    0x08000188   0x08000188   0x00000000   Code   RO         5174  * .ARM.Collect$$$$00000000  mc_w.l(entry.o)
    0x08000188   0x08000188   0x00000004   Code   RO         5193    .ARM.Collect$$$$00000001  mc_w.l(entry2.o)
    0x0800018c   0x0800018c   0x00000004   Code   RO         5196    .ARM.Collect$$$$00000004  mc_w.l(entry5.o)
    0x08000190   0x08000190   0x00000000   Code   RO         5198    .ARM.Collect$$$$00000008  mc_w.l(entry7b.o)
    0x08000190   0x08000190   0x00000000   Code   RO         5200    .ARM.Collect$$$$0000000A  mc_w.l(entry8b.o)
    0x08000190   0x08000190   0x00000008   Code   RO         5201    .ARM.Collect$$$$0000000B  mc_w.l(entry9a.o)
    0x08000198   0x08000198   0x00000004   Code   RO         5208    .ARM.Collect$$$$0000000E  mc_w.l(entry12b.o)
    0x0800019c   0x0800019c   0x00000000   Code   RO         5203    .ARM.Collect$$$$0000000F  mc_w.l(entry10a.o)
    0x0800019c   0x0800019c   0x00000000   Code   RO         5205    .ARM.Collect$$$$00000011  mc_w.l(entry11a.o)
    0x0800019c   0x0800019c   0x00000004   Code   RO         5194    .ARM.Collect$$$$00002712  mc_w.l(entry2.o)
    0x080001a0   0x080001a0   0x00000024   Code   RO            4    .text               startup_stm32f40xx.o
    0x080001c4   0x080001c4   0x00000024   Code   RO         5177    .text               mc_w.l(memcpya.o)
    0x080001e8   0x080001e8   0x00000024   Code   RO         5179    .text               mc_w.l(memseta.o)
    0x0800020c   0x0800020c   0x000000e4   Code   RO         5183    .text               mf_w.l(dmul.o)
    0x080002f0   0x080002f0   0x000000de   Code   RO         5185    .text               mf_w.l(ddiv.o)
    0x080003ce   0x080003ce   0x0000003e   Code   RO         5187    .text               mf_w.l(dfixi.o)
    0x0800040c   0x0800040c   0x00000026   Code   RO         5189    .text               mf_w.l(f2d.o)
    0x08000432   0x08000432   0x00000038   Code   RO         5191    .text               mf_w.l(d2f.o)
    0x0800046a   0x0800046a   0x00000020   Code   RO         5209    .text               mc_w.l(llushr.o)
    0x0800048a   0x0800048a   0x00000000   Code   RO         5211    .text               mc_w.l(iusefp.o)
    0x0800048a   0x0800048a   0x0000006e   Code   RO         5212    .text               mf_w.l(fepilogue.o)
    0x080004f8   0x080004f8   0x000000ba   Code   RO         5214    .text               mf_w.l(depilogue.o)
    0x080005b2   0x080005b2   0x00000002   PAD
    0x080005b4   0x080005b4   0x00000024   Code   RO         5216    .text               mc_w.l(init.o)
    0x080005d8   0x080005d8   0x0000001e   Code   RO         5218    .text               mc_w.l(llshl.o)
    0x080005f6   0x080005f6   0x00000002   PAD
    0x080005f8   0x080005f8   0x00000208   Code   RO         4890    i.A1B1RS485Receive  unitreemotor.o
    0x08000800   0x08000800   0x00000160   Code   RO         5134    i.A1_B1_Motor_Init  motion_control.o
    0x08000960   0x08000960   0x00000040   Code   RO         4459    i.BSP_Init          main.o
    0x080009a0   0x080009a0   0x00000004   Code   RO         4640    i.BusFault_Handler  stm32f4xx_it.o
    0x080009a4   0x080009a4   0x00000d04   Code   RO         4767    i.COMMWrRdPara      plc.o
    0x080016a8   0x080016a8   0x0000003c   Code   RO         4768    i.Comm_PC_MainLoopSchedule  plc.o
    0x080016e4   0x080016e4   0x00000054   Code   RO         5050    i.DMA1_Stream6_IRQHandler  motor3_rs485.o
    0x08001738   0x08001738   0x00000054   Code   RO         5092    i.DMA1_Stream7_IRQHandler  motor4_rs485.o
    0x0800178c   0x0800178c   0x00000054   Code   RO         5008    i.DMA2_Stream6_IRQHandler  motor2_rs485.o
    0x080017e0   0x080017e0   0x00000054   Code   RO         4966    i.DMA2_Stream7_IRQHandler  motor1_rs485.o
    0x08001834   0x08001834   0x00000034   Code   RO         1141    i.DMA_ClearFlag     stm32f4xx_dma.o
    0x08001868   0x08001868   0x00000034   Code   RO         1142    i.DMA_ClearITPendingBit  stm32f4xx_dma.o
    0x0800189c   0x0800189c   0x00000016   Code   RO         1143    i.DMA_Cmd           stm32f4xx_dma.o
    0x080018b2   0x080018b2   0x00000002   PAD
    0x080018b4   0x080018b4   0x00000158   Code   RO         1144    i.DMA_DeInit        stm32f4xx_dma.o
    0x08001a0c   0x08001a0c   0x00000014   Code   RO         1148    i.DMA_GetCmdStatus  stm32f4xx_dma.o
    0x08001a20   0x08001a20   0x0000003a   Code   RO         1154    i.DMA_ITConfig      stm32f4xx_dma.o
    0x08001a5a   0x08001a5a   0x00000002   PAD
    0x08001a5c   0x08001a5c   0x00000058   Code   RO         1155    i.DMA_Init          stm32f4xx_dma.o
    0x08001ab4   0x08001ab4   0x00000004   Code   RO         1158    i.DMA_SetCurrDataCounter  stm32f4xx_dma.o
    0x08001ab8   0x08001ab8   0x000000a4   Code   RO         4769    i.DataAllRcvJudge   plc.o
    0x08001b5c   0x08001b5c   0x00000002   Code   RO         4641    i.DebugMon_Handler  stm32f4xx_it.o
    0x08001b5e   0x08001b5e   0x00000090   Code   RO         1615    i.GPIO_Init         stm32f4xx_gpio.o
    0x08001bee   0x08001bee   0x00000046   Code   RO         1616    i.GPIO_PinAFConfig  stm32f4xx_gpio.o
    0x08001c34   0x08001c34   0x00000004   Code   RO         1622    i.GPIO_ResetBits    stm32f4xx_gpio.o
    0x08001c38   0x08001c38   0x00000004   Code   RO         1623    i.GPIO_SetBits      stm32f4xx_gpio.o
    0x08001c3c   0x08001c3c   0x00000004   Code   RO         4642    i.HardFault_Handler  stm32f4xx_it.o
    0x08001c40   0x08001c40   0x00000244   Code   RO         4967    i.MOTOR1_B1_RS485_Configuration  motor1_rs485.o
    0x08001e84   0x08001e84   0x00000020   Code   RO         4968    i.MOTOR1_RS485_SEND  motor1_rs485.o
    0x08001ea4   0x08001ea4   0x00000244   Code   RO         5009    i.MOTOR2_B1_RS485_Configuration  motor2_rs485.o
    0x080020e8   0x080020e8   0x00000020   Code   RO         5010    i.MOTOR2_RS485_SEND  motor2_rs485.o
    0x08002108   0x08002108   0x00000244   Code   RO         5051    i.MOTOR3_A1_RS485_Configuration  motor3_rs485.o
    0x0800234c   0x0800234c   0x00000020   Code   RO         5052    i.MOTOR3_RS485_SEND  motor3_rs485.o
    0x0800236c   0x0800236c   0x00000250   Code   RO         5093    i.MOTOR4_A1_RS485_Configuration  motor4_rs485.o
    0x080025bc   0x080025bc   0x00000020   Code   RO         5094    i.MOTOR4_RS485_SEND  motor4_rs485.o
    0x080025dc   0x080025dc   0x00000004   Code   RO         4643    i.MemManage_Handler  stm32f4xx_it.o
    0x080025e0   0x080025e0   0x0000001a   Code   RO         4893    i.MotorStopPack     unitreemotor.o
    0x080025fa   0x080025fa   0x00000002   PAD
    0x080025fc   0x080025fc   0x00000014   Code   RO         4460    i.Motor_Init        main.o
    0x08002610   0x08002610   0x00000002   Code   RO         4644    i.NMI_Handler       stm32f4xx_it.o
    0x08002612   0x08002612   0x00000002   PAD
    0x08002614   0x08002614   0x00000078   Code   RO          150    i.NVIC_Init         misc.o
    0x0800268c   0x0800268c   0x000000ec   Code   RO         4770    i.PLC_Computer_USART_Configuration  plc.o
    0x08002778   0x08002778   0x00000002   Code   RO         4645    i.PendSV_Handler    stm32f4xx_it.o
    0x0800277a   0x0800277a   0x00000002   PAD
    0x0800277c   0x0800277c   0x00000020   Code   RO         2282    i.RCC_AHB1PeriphClockCmd  stm32f4xx_rcc.o
    0x0800279c   0x0800279c   0x00000020   Code   RO         2291    i.RCC_APB1PeriphClockCmd  stm32f4xx_rcc.o
    0x080027bc   0x080027bc   0x00000020   Code   RO         2294    i.RCC_APB2PeriphClockCmd  stm32f4xx_rcc.o
    0x080027dc   0x080027dc   0x000000e8   Code   RO         2303    i.RCC_GetClocksFreq  stm32f4xx_rcc.o
    0x080028c4   0x080028c4   0x00000048   Code   RO         4771    i.RcvDataDeal       plc.o
    0x0800290c   0x0800290c   0x00000054   Code   RO         4772    i.RcvIsr            plc.o
    0x08002960   0x08002960   0x00000002   Code   RO         4646    i.SVC_Handler       stm32f4xx_it.o
    0x08002962   0x08002962   0x00000002   PAD
    0x08002964   0x08002964   0x000000ec   Code   RO           12    i.SetSysClock       system_stm32f4xx.o
    0x08002a50   0x08002a50   0x00000028   Code   RO          154    i.SysTick_CLKSourceConfig  misc.o
    0x08002a78   0x08002a78   0x00000002   Code   RO         4647    i.SysTick_Handler   stm32f4xx_it.o
    0x08002a7a   0x08002a7a   0x00000002   PAD
    0x08002a7c   0x08002a7c   0x00000040   Code   RO         4715    i.SysTick_Init      delay.o
    0x08002abc   0x08002abc   0x00000068   Code   RO           14    i.SystemInit        system_stm32f4xx.o
    0x08002b24   0x08002b24   0x00000038   Code   RO         4743    i.TIM4_ProgramTest_Init  timer.o
    0x08002b5c   0x08002b5c   0x00000018   Code   RO         3629    i.TIM_Cmd           stm32f4xx_tim.o
    0x08002b74   0x08002b74   0x00000084   Code   RO         3701    i.TIM_TimeBaseInit  stm32f4xx_tim.o
    0x08002bf8   0x08002bf8   0x00000058   Code   RO         5095    i.UART5_IRQHandler  motor4_rs485.o
    0x08002c50   0x08002c50   0x00000058   Code   RO         4969    i.USART1_IRQHandler  motor1_rs485.o
    0x08002ca8   0x08002ca8   0x00000058   Code   RO         5053    i.USART2_IRQHandler  motor3_rs485.o
    0x08002d00   0x08002d00   0x00000018   Code   RO         4773    i.USART3_IRQHandler  plc.o
    0x08002d18   0x08002d18   0x00000058   Code   RO         5011    i.USART6_IRQHandler  motor2_rs485.o
    0x08002d70   0x08002d70   0x00000012   Code   RO         4175    i.USART_ClearFlag   stm32f4xx_usart.o
    0x08002d82   0x08002d82   0x00000018   Code   RO         4179    i.USART_Cmd         stm32f4xx_usart.o
    0x08002d9a   0x08002d9a   0x00000012   Code   RO         4180    i.USART_DMACmd      stm32f4xx_usart.o
    0x08002dac   0x08002dac   0x0000001a   Code   RO         4182    i.USART_GetFlagStatus  stm32f4xx_usart.o
    0x08002dc6   0x08002dc6   0x00000054   Code   RO         4183    i.USART_GetITStatus  stm32f4xx_usart.o
    0x08002e1a   0x08002e1a   0x0000004a   Code   RO         4185    i.USART_ITConfig    stm32f4xx_usart.o
    0x08002e64   0x08002e64   0x000000d4   Code   RO         4186    i.USART_Init        stm32f4xx_usart.o
    0x08002f38   0x08002f38   0x00000016   Code   RO         4192    i.USART_OverSampling8Cmd  stm32f4xx_usart.o
    0x08002f4e   0x08002f4e   0x0000000a   Code   RO         4193    i.USART_ReceiveData  stm32f4xx_usart.o
    0x08002f58   0x08002f58   0x00000004   Code   RO         4648    i.UsageFault_Handler  stm32f4xx_it.o
    0x08002f5c   0x08002f5c   0x0000000e   Code   RO         5222    i.__scatterload_copy  mc_w.l(handlers.o)
    0x08002f6a   0x08002f6a   0x00000002   Code   RO         5223    i.__scatterload_null  mc_w.l(handlers.o)
    0x08002f6c   0x08002f6c   0x0000000e   Code   RO         5224    i.__scatterload_zeroinit  mc_w.l(handlers.o)
    0x08002f7a   0x08002f7a   0x00000002   PAD
    0x08002f7c   0x08002f7c   0x00000064   Code   RO         4872    i.crc32_core        crc32.o
    0x08002fe0   0x08002fe0   0x0000004c   Code   RO         4716    i.delay_ms          delay.o
    0x0800302c   0x0800302c   0x000000e4   Code   RO         4945    i.extract_data      unitreemotor.o
    0x08003110   0x08003110   0x00000074   Code   RO         4461    i.main              main.o
    0x08003184   0x08003184   0x00000134   Code   RO         4939    i.modify_data       unitreemotor.o
    0x080032b8   0x080032b8   0x00000020   Data   RO         5220    Region$$Table       anon$$obj.o


    Execution Region RW_IRAM1 (Exec base: 0x20000000, Load base: 0x080032d8, Size: 0x00000e48, Max: 0x00020000, ABSOLUTE)

    Exec Addr    Load Addr    Size         Type   Attr      Idx    E Section Name        Object

    0x20000000   0x080032d8   0x00000014   Data   RW           15    .data               system_stm32f4xx.o
    0x20000014   0x080032ec   0x00000010   Data   RW         2335    .data               stm32f4xx_rcc.o
    0x20000024   0x080032fc   0x00000008   Data   RW         4463    .data               main.o
    0x2000002c   0x08003304   0x00000008   Data   RW         4717    .data               delay.o
    0x20000034   0x0800330c   0x00000014   Data   RW         4775    .data               plc.o
    0x20000048   0x08003320   0x00000014   Data   RW         4897    .data               unitreemotor.o
    0x2000005c        -       0x00000010   Zero   RW         4462    .bss                main.o
    0x2000006c        -       0x00000278   Zero   RW         4774    .bss                plc.o
    0x200002e4        -       0x00000760   Zero   RW         4896    .bss                unitreemotor.o
    0x20000a44   0x08003334   0x00000004   PAD
    0x20000a48        -       0x00000400   Zero   RW            1    STACK               startup_stm32f40xx.o


==============================================================================

Image component sizes


      Code (inc. data)   RO Data    RW Data    ZI Data      Debug   Object Name

       100          6          0          0          0       1229   crc32.o
       140         20          0          8          0       1750   delay.o
       200         18          0          8         16     321112   main.o
       160         14          0          0          0       1974   misc.o
       352         18          0          0          0       1435   motion_control.o
       784         64          0          0          0       2722   motor1_rs485.o
       784         78          0          0          0       2682   motor2_rs485.o
       784         78          0          0          0       2682   motor3_rs485.o
       796         78          0          0          0       2685   motor4_rs485.o
      3972        146          0         20        632       9204   plc.o
        36          8        392          0       1024       1000   startup_stm32f40xx.o
       640         54          0          0          0       7181   stm32f4xx_dma.o
       222          0          0          0          0       3491   stm32f4xx_gpio.o
        26          0          0          0          0       4322   stm32f4xx_it.o
       328         36          0         16          0       5287   stm32f4xx_rcc.o
       156         28          0          0          0       2241   stm32f4xx_tim.o
       488          8          0          0          0       7766   stm32f4xx_usart.o
       340         32          0         20          0     297609   system_stm32f4xx.o
        56          6          0          0          0        564   timer.o
      1082         94          0         20       1888       5248   unitreemotor.o

    ----------------------------------------------------------------------
     11460        786        424         92       3564     682184   Object Totals
         0          0         32          0          0          0   (incl. Generated)
        14          0          0          0          4          0   (incl. Padding)

    ----------------------------------------------------------------------

      Code (inc. data)   RO Data    RW Data    ZI Data      Debug   Library Member Name

         0          0          0          0          0          0   entry.o
         0          0          0          0          0          0   entry10a.o
         0          0          0          0          0          0   entry11a.o
         4          0          0          0          0          0   entry12b.o
         8          4          0          0          0          0   entry2.o
         4          0          0          0          0          0   entry5.o
         0          0          0          0          0          0   entry7b.o
         0          0          0          0          0          0   entry8b.o
         8          4          0          0          0          0   entry9a.o
        30          0          0          0          0          0   handlers.o
        36          8          0          0          0         68   init.o
         0          0          0          0          0          0   iusefp.o
        30          0          0          0          0         68   llshl.o
        32          0          0          0          0         68   llushr.o
        36          0          0          0          0         68   memcpya.o
        36          0          0          0          0        108   memseta.o
        56          0          0          0          0         88   d2f.o
       222          0          0          0          0        100   ddiv.o
       186          0          0          0          0        176   depilogue.o
        62          0          0          0          0         80   dfixi.o
       228          0          0          0          0         96   dmul.o
        38          0          0          0          0         68   f2d.o
       110          0          0          0          0        168   fepilogue.o

    ----------------------------------------------------------------------
      1132         16          0          0          0       1156   Library Totals
         6          0          0          0          0          0   (incl. Padding)

    ----------------------------------------------------------------------

      Code (inc. data)   RO Data    RW Data    ZI Data      Debug   Library Name

       224         16          0          0          0        380   mc_w.l
       902          0          0          0          0        776   mf_w.l

    ----------------------------------------------------------------------
      1132         16          0          0          0       1156   Library Totals

    ----------------------------------------------------------------------

==============================================================================


      Code (inc. data)   RO Data    RW Data    ZI Data      Debug   

     12592        802        424         92       3564     676076   Grand Totals
     12592        802        424         92       3564     676076   ELF Image Totals
     12592        802        424         92          0          0   ROM Totals

==============================================================================

    Total RO  Size (Code + RO Data)                13016 (  12.71kB)
    Total RW  Size (RW Data + ZI Data)              3656 (   3.57kB)
    Total ROM Size (Code + RO Data + RW Data)      13108 (  12.80kB)

==============================================================================

